<html>
<body>
<pre>
<h1>µVision Build Log</h1>
<h2>Tool Versions:</h2>
IDE-Version: ¦ÌVision V5.20.0.0
Copyright (C) 2016 ARM Ltd and ARM Germany GmbH. All rights reserved.
License Information: zhu wei, dbdx, LIC=9N0WF-6GZBP-667QS-LWMHN-HCELG-1YJ7A
 
Tool Versions:
Toolchain:       MDK-ARM Professional  Version: 5.20
Toolchain Path:  C:\Keil_v5\ARM\ARMCC\Bin
C Compiler:      Armcc.exe V5.06 update 2 (build 183)
Assembler:       Armasm.exe V5.06 update 2 (build 183)
Linker/Locator:  ArmLink.exe V5.06 update 2 (build 183)
Library Manager: ArmAr.exe V5.06 update 2 (build 183)
Hex Converter:   FromElf.exe V5.06 update 2 (build 183)
CPU DLL:         SARMCM3.DLL V5.20
Dialog DLL:      DCM.DLL V1.13.7.0
Target DLL:      Segger\JL2CM3.dll V2.99.20.0
Dialog DLL:      TCM.DLL V1.14.9.0
 
<h2>Project:</h2>
C:\Users\zhuwei\Documents\GitHub\Quad-ANO\F407_FC_ANO\F407_FC.uvproj
Project File Date:  12/25/2016

<h2>Output:</h2>
*** Using Compiler 'V5.06 update 2 (build 183)', folder: 'C:\Keil_v5\ARM\ARMCC\Bin'
Build target 'Anopilot'
compiling stm32f4xx_it.c...
compiling main.c...
compiling scheduler.c...
compiling init.c...
compiling parameter.c...
compiling ctrl.c...
applications\ctrl.c(235): warning:  #177-D: variable "curve" was declared but never referenced
    float curve[MAXMOTORS];
applications\ctrl.c: 1 warning, 0 errors
compiling imu.c...
compiling mymath.c...
compiling usb_config.c...
compiling data_transfer.c...
compiling version.c...
compiling rc.c...
compiling usbd_user_hid.c...
compiling filter.c...
compiling height_ctrl.c...
compiling fly_mode.c...
compiling anotc_baro_ctrl.c...
compiling PID.c...
compiling time.c...
compiling pwm_in.c...
compiling pwm_out.c...
compiling i2c_soft.c...
compiling mpu6050.c...
compiling ak8975.c...
compiling led.c...
compiling ms5611.c...
compiling usart.c...
compiling drv_w25qxx.c...
drivers\drv_w25qxx.c(211): warning:  #177-D: function "Flash_WriteDisable" was declared but never referenced
  static void Flash_WriteDisable(void)
drivers\drv_w25qxx.c(82): warning:  #177-D: function "Flash_Transfer" was declared but never referenced
  static uint32_t Flash_Transfer(uint8_t *send_buffer,uint8_t *recv_buffer,uint32_t len)
drivers\drv_w25qxx.c: 2 warnings, 0 errors
compiling usbd_STM32F4xx_FS.c...
compiling ultrasonic.c...
drivers\ultrasonic.c(28): warning:  #9-D: nested comment is not allowed
  //////////////////////////////////////////////*/	
drivers\ultrasonic.c: 1 warning, 0 errors
compiling misc.c...
compiling stm32f4xx_adc.c...
compiling stm32f4xx_dbgmcu.c...
compiling stm32f4xx_exti.c...
compiling stm32f4xx_dma.c...
compiling stm32f4xx_flash.c...
compiling stm32f4xx_pwr.c...
compiling stm32f4xx_gpio.c...
compiling stm32f4xx_i2c.c...
compiling stm32f4xx_syscfg.c...
compiling stm32f4xx_rcc.c...
compiling stm32f4xx_spi.c...
compiling system_stm32f4xx.c...
assembling startup_stm32f4xx.s...
compiling stm32f4xx_usart.c...
compiling usbd_core_hid.c...
compiling usbd_core.c...
compiling usbd_hid.c...
compiling stm32f4xx_tim.c...
compiling diskio.c...
compiling ff.c...
linking...
Program Size: Code=90356 RO-data=916 RW-data=1872 ZI-data=15264  
FromELF: creating hex file...
After Build - User command #1: fromelf --bin .\build\F407_FC.axf --output TEST.ANO
".\build\F407_FC.axf" - 0 Error(s), 4 Warning(s).
Build Time Elapsed:  00:00:18
</pre>
</body>
</html>
