Component: ARM Compiler 5.06 update 2 (build 183) Tool: armlink [4d35b7]

==============================================================================

Section Cross References

    main.o(.text) refers to init.o(.text) for All_Init
    main.o(.text) refers to scheduler.o(.text) for Duty_Loop
    main.o(.text) refers to main.o(.data) for Init_Finish
    stm32f4xx_it.o(.text) refers to time.o(.text) for sys_time
    stm32f4xx_it.o(.text) refers to pwm_in.o(.text) for _TIM3_IRQHandler
    stm32f4xx_it.o(.text) refers to usart.o(.text) for Usart2_IRQ
    stm32f4xx_it.o(.text) refers to time.o(.data) for sysTickUptime
    scheduler.o(.text) refers to led.o(.text) for LED_1ms_DRV
    scheduler.o(.text) refers to time.o(.text) for Get_Cycle_T
    scheduler.o(.text) refers to data_transfer.o(.text) for ANO_DT_Data_Exchange
    scheduler.o(.text) refers to mpu6050.o(.text) for MPU6050_Read
    scheduler.o(.text) refers to imu.o(.text) for IMUupdate
    scheduler.o(.text) refers to ctrl.o(.text) for CTRL_1
    scheduler.o(.text) refers to rc.o(.text) for RC_Duty
    scheduler.o(.text) refers to ak8975.o(.text) for ANO_AK8975_Read
    scheduler.o(.text) refers to parameter.o(.text) for Parameter_Save
    scheduler.o(.text) refers to fly_mode.o(.text) for mode_check
    scheduler.o(.text) refers to ultrasonic.o(.text) for Ultra_Duty
    scheduler.o(.text) refers to scheduler.o(.bss) for loop
    scheduler.o(.text) refers to mpu6050.o(.bss) for mpu6050
    scheduler.o(.text) refers to imu.o(.data) for Yaw
    scheduler.o(.text) refers to pwm_in.o(.bss) for Rc_Pwm_In
    scheduler.o(.text) refers to fly_mode.o(.bss) for mode_value
    scheduler.o(.text) refers to rc.o(.bss) for CH_filter
    scheduler.o(.text) refers to time.o(.data) for time_1ms
    scheduler.o(.text) refers to scheduler.o(.data) for loop_cnt
    init.o(.text) refers to misc.o(.text) for NVIC_PriorityGroupConfig
    init.o(.text) refers to time.o(.text) for SysTick_Configuration
    init.o(.text) refers to i2c_soft.o(.text) for I2c_Soft_Init
    init.o(.text) refers to pwm_in.o(.text) for PWM_IN_Init
    init.o(.text) refers to pwm_out.o(.text) for PWM_Out_Init
    init.o(.text) refers to usbd_user_hid.o(.text) for Usb_Hid_Init
    init.o(.text) refers to ms5611.o(.text) for MS5611_Init
    init.o(.text) refers to mpu6050.o(.text) for MPU6050_Init
    init.o(.text) refers to led.o(.text) for LED_Init
    init.o(.text) refers to usart.o(.text) for Usart2_Init
    init.o(.text) refers to parameter.o(.text) for Para_Init
    init.o(.text) refers to ultrasonic.o(.text) for Ultrasonic_Init
    init.o(.text) refers to ak8975.o(.text) for ANO_AK8975_Run
    init.o(.text) refers to ak8975.o(.data) for ak8975_ok
    init.o(.text) refers to mpu6050.o(.data) for mpu6050_ok
    init.o(.text) refers to ms5611.o(.data) for ms5611_ok
    parameter.o(.text) refers to ff.o(.text) for f_mount
    parameter.o(.text) refers to ctrl.o(.text) for Ctrl_Para_Init
    parameter.o(.text) refers to height_ctrl.o(.text) for h_pid_init
    parameter.o(.text) refers to parameter.o(.bss) for fs
    parameter.o(.text) refers to mpu6050.o(.bss) for mpu6050
    parameter.o(.text) refers to ak8975.o(.data) for ak8975
    parameter.o(.text) refers to ctrl.o(.bss) for ctrl_1
    parameter.o(.text) refers to parameter.o(.data) for flash_init_error
    parameter.o(.text) refers to data_transfer.o(.data) for flash_save_en_cnt
    parameter.o(.text) refers to rc.o(.data) for fly_ready
    ctrl.o(.text) refers to mymath.o(.text) for my_deathzoom
    ctrl.o(.text) refers to f2d.o(.text) for __aeabi_f2d
    ctrl.o(.text) refers to dmul.o(.text) for __aeabi_dmul
    ctrl.o(.text) refers to dadd.o(.text) for __aeabi_dadd
    ctrl.o(.text) refers to d2f.o(.text) for __aeabi_d2f
    ctrl.o(.text) refers to ctrl.o(.bss) for ctrl_1
    ctrl.o(.text) refers to rc.o(.bss) for CH_filter
    ctrl.o(.text) refers to ctrl.o(.data) for Thr_Low
    ctrl.o(.text) refers to imu.o(.data) for Yaw
    ctrl.o(.text) refers to pwm_out.o(.text) for SetPwm
    ctrl.o(.text) refers to rc.o(.data) for fly_ready
    ctrl.o(.text) refers to height_ctrl.o(.text) for Height_Ctrl
    ctrl.o(.text) refers to fly_mode.o(.bss) for mode_value
    ctrl.o(.text) refers to mpu6050.o(.bss) for mpu6050
    imu.o(.text) refers to mymath.o(.text) for my_sqrt
    imu.o(.text) refers to filter.o(.text) for simple_3d_trans
    imu.o(.text) refers to ak8975.o(.data) for ak8975
    imu.o(.text) refers to imu.o(.data) for mag_norm_xyz
    imu.o(.text) refers to imu.o(.bss) for mag_tmp
    imu.o(.text) refers to rc.o(.data) for fly_ready
    imu.o(.text) refers to f2d.o(.text) for __aeabi_f2d
    imu.o(.text) refers to asin.o(i.__hardfp_asin) for __hardfp_asin
    imu.o(.text) refers to dmul.o(.text) for __aeabi_dmul
    imu.o(.text) refers to d2f.o(.text) for __aeabi_d2f
    mymath.o(.text) refers to cdcmple.o(.text) for __aeabi_cdcmple
    mymath.o(.text) refers to dmul.o(.text) for __aeabi_dmul
[...]
    I2c_Soft_delay                           0x080078a5   Thumb Code    42  i2c_soft.o(.text)
    I2c_Soft_Init                            0x080078cf   Thumb Code    46  i2c_soft.o(.text)
    I2c_Soft_Start                           0x080078fd   Thumb Code    86  i2c_soft.o(.text)
    I2c_Soft_Stop                            0x08007953   Thumb Code    52  i2c_soft.o(.text)
    I2c_Soft_Ask                             0x08007987   Thumb Code    52  i2c_soft.o(.text)
    I2c_Soft_NoAsk                           0x080079bb   Thumb Code    52  i2c_soft.o(.text)
    I2c_Soft_WaitAsk                         0x080079ef   Thumb Code    88  i2c_soft.o(.text)
    I2c_Soft_SendByte                        0x08007a47   Thumb Code    84  i2c_soft.o(.text)
    I2c_Soft_ReadByte                        0x08007a9b   Thumb Code    96  i2c_soft.o(.text)
    IIC_Write_1Byte                          0x08007afb   Thumb Code    62  i2c_soft.o(.text)
    IIC_Read_1Byte                           0x08007b39   Thumb Code    80  i2c_soft.o(.text)
    IIC_Write_nByte                          0x08007b89   Thumb Code    78  i2c_soft.o(.text)
    IIC_Read_nByte                           0x08007bd7   Thumb Code   108  i2c_soft.o(.text)
    MPU6050_Read                             0x08007c4d   Thumb Code    22  mpu6050.o(.text)
    IICwriteBit                              0x08007c63   Thumb Code    78  mpu6050.o(.text)
    IICwriteBits                             0x08007cb1   Thumb Code   102  mpu6050.o(.text)
    MPU6050_set_SMPLRT_DIV                   0x08007d17   Thumb Code    28  mpu6050.o(.text)
    MPU6050_setClockSource                   0x08007d33   Thumb Code    20  mpu6050.o(.text)
    MPU6050_setFullScaleGyroRange            0x08007d47   Thumb Code    36  mpu6050.o(.text)
    MPU6050_setFullScaleAccelRange           0x08007d6b   Thumb Code    36  mpu6050.o(.text)
    MPU6050_setSleepEnabled                  0x08007d8f   Thumb Code    18  mpu6050.o(.text)
    MPU6050_setI2CMasterModeEnabled          0x08007da1   Thumb Code    18  mpu6050.o(.text)
    MPU6050_setI2CBypassEnabled              0x08007db3   Thumb Code    18  mpu6050.o(.text)
    MPU6050_setDLPF                          0x08007dc5   Thumb Code    20  mpu6050.o(.text)
    MPU6050_INT_Config                       0x08007dd9   Thumb Code    56  mpu6050.o(.text)
    MPU6050_Init                             0x08007e11   Thumb Code   184  mpu6050.o(.text)
    MPU6050_Data_Offset                      0x08007ec9   Thumb Code   648  mpu6050.o(.text)
    Transform                                0x08008151   Thumb Code    14  mpu6050.o(.text)
    MPU6050_Data_Prepare                     0x0800815f   Thumb Code  1174  mpu6050.o(.text)
    ANO_AK8975_Run                           0x08008605   Thumb Code    22  ak8975.o(.text)
    XYZ_STRUCT_COPY                          0x0800861b   Thumb Code    40  ak8975.o(.text)
    ANO_AK8975_CalOffset_Mag                 0x08008643   Thumb Code   760  ak8975.o(.text)
    ANO_AK8975_Read_Mag_Data                 0x0800893b   Thumb Code   274  ak8975.o(.text)
    ANO_AK8975_Get_Mag                       0x08008a4d   Thumb Code    16  ak8975.o(.text)
    ANO_AK8975_Read                          0x08008a5d   Thumb Code     8  ak8975.o(.text)
    LED_Init                                 0x08008a69   Thumb Code    74  led.o(.text)
    double_flash                             0x08008ab3   Thumb Code   102  led.o(.text)
    aircraft_mode_led                        0x08008b19   Thumb Code    66  led.o(.text)
    LED_1ms_DRV                              0x08008b5b   Thumb Code   180  led.o(.text)
    led_breath                               0x08008c0f   Thumb Code   288  led.o(.text)
    led_flash                                0x08008d2f   Thumb Code   206  led.o(.text)
    led_cnt_restar                           0x08008dfd   Thumb Code    42  led.o(.text)
    led_cnt_res_check                        0x08008e27   Thumb Code    28  led.o(.text)
    LED_Duty                                 0x08008e43   Thumb Code  1436  led.o(.text)
    LED_MPU_Err                              0x080093df   Thumb Code    46  led.o(.text)
    LED_Mag_Err                              0x0800940d   Thumb Code    72  led.o(.text)
    LED_MS5611_Err                           0x08009455   Thumb Code    96  led.o(.text)
    MS5611_Reset                             0x080094c1   Thumb Code    14  ms5611.o(.text)
    MS5611_Read_Prom                         0x080094cf   Thumb Code    72  ms5611.o(.text)
    MS5611_Read_Adc_T                        0x08009517   Thumb Code    16  ms5611.o(.text)
    MS5611_Read_Adc_P                        0x08009527   Thumb Code    16  ms5611.o(.text)
    MS5611_Start_T                           0x08009537   Thumb Code    14  ms5611.o(.text)
    MS5611_Start_P                           0x08009545   Thumb Code    14  ms5611.o(.text)
    MS5611_Init                              0x08009553   Thumb Code    40  ms5611.o(.text)
    MS5611_BaroAltCalculate                  0x0800957b   Thumb Code   646  ms5611.o(.text)
    MS5611_Update                            0x08009801   Thumb Code    48  ms5611.o(.text)
    Usart2_Init                              0x08009891   Thumb Code   230  usart.o(.text)
    Usart2_IRQ                               0x08009977   Thumb Code   120  usart.o(.text)
    Usart2_Send                              0x080099ef   Thumb Code    62  usart.o(.text)
    Uart5_Init                               0x08009a2d   Thumb Code   206  usart.o(.text)
    Uart5_IRQ                                0x08009afb   Thumb Code    94  usart.o(.text)
    Uart5_Send                               0x08009b59   Thumb Code    60  usart.o(.text)
    usbd_stm32_delay                         0x08009bbd   Thumb Code    40  usbd_stm32f4xx_fs.o(.text)
    USBD_IntrEna                             0x08009be5   Thumb Code    26  usbd_stm32f4xx_fs.o(.text)
    USBD_Init                                0x08009bff   Thumb Code   462  usbd_stm32f4xx_fs.o(.text)
    USBD_Connect                             0x08009dcd   Thumb Code    62  usbd_stm32f4xx_fs.o(.text)
    USBD_SetAddress                          0x08009e0b   Thumb Code    24  usbd_stm32f4xx_fs.o(.text)
    USBD_Reset                               0x08009e23   Thumb Code   192  usbd_stm32f4xx_fs.o(.text)
    USBD_Suspend                             0x08009ee3   Thumb Code     2  usbd_stm32f4xx_fs.o(.text)
    USBD_Resume                              0x08009ee5   Thumb Code     2  usbd_stm32f4xx_fs.o(.text)
    USBD_WakeUp                              0x08009ee7   Thumb Code    34  usbd_stm32f4xx_fs.o(.text)
    USBD_WakeUpCfg                           0x08009f09   Thumb Code     2  usbd_stm32f4xx_fs.o(.text)
    USBD_Configure                           0x08009f47   Thumb Code    14  usbd_stm32f4xx_fs.o(.text)
    USBD_ConfigEP                            0x08009f55   Thumb Code   250  usbd_stm32f4xx_fs.o(.text)
    USBD_DirCtrlEP                           0x0800a04f   Thumb Code     2  usbd_stm32f4xx_fs.o(.text)
    USBD_EnableEP                            0x0800a051   Thumb Code   200  usbd_stm32f4xx_fs.o(.text)
    USBD_DisableEP                           0x0800a119   Thumb Code   418  usbd_stm32f4xx_fs.o(.text)
    USBD_GetFrame                            0x0800a2bb   Thumb Code    12  usbd_stm32f4xx_fs.o(.text)
    USBD_ResetEP                             0x0800a2c7   Thumb Code   206  usbd_stm32f4xx_fs.o(.text)
    USBD_SetStallEP                          0x0800a395   Thumb Code   268  usbd_stm32f4xx_fs.o(.text)
    USBD_ClrStallEP                          0x0800a4a1   Thumb Code   186  usbd_stm32f4xx_fs.o(.text)
    USBD_ClearEPBuf                          0x0800a55b   Thumb Code    70  usbd_stm32f4xx_fs.o(.text)
    USBD_ReadEP                              0x0800a5a1   Thumb Code   200  usbd_stm32f4xx_fs.o(.text)
    USBD_WriteEP                             0x0800a669   Thumb Code   368  usbd_stm32f4xx_fs.o(.text)
    OTG_FS_IRQHandler                        0x0800a7d9   Thumb Code  1660  usbd_stm32f4xx_fs.o(.text)
    Flash_Init                               0x0800af41   Thumb Code   370  drv_w25qxx.o(.text)
    Flash_SectorErase                        0x0800b121   Thumb Code    66  drv_w25qxx.o(.text)
    Flash_PageWrite                          0x0800b163   Thumb Code    84  drv_w25qxx.o(.text)
    Flash_PageRead                           0x0800b1b7   Thumb Code    78  drv_w25qxx.o(.text)
    Flash_SectorsRead                        0x0800b205   Thumb Code    52  drv_w25qxx.o(.text)
    Flash_SectorsWrite                       0x0800b239   Thumb Code   118  drv_w25qxx.o(.text)
    Flash_GetInfo                            0x0800b2af   Thumb Code     4  drv_w25qxx.o(.text)
    Ultrasonic_Init                          0x0800b2b9   Thumb Code    12  ultrasonic.o(.text)
    Ultra_Duty                               0x0800b2c5   Thumb Code    88  ultrasonic.o(.text)
    Ultra_Get                                0x0800b31d   Thumb Code   140  ultrasonic.o(.text)
    NVIC_PriorityGroupConfig                 0x0800b3c1   Thumb Code    54  misc.o(.text)
    NVIC_Init                                0x0800b3f7   Thumb Code   164  misc.o(.text)
    NVIC_SetVectorTable                      0x0800b49b   Thumb Code    60  misc.o(.text)
    NVIC_SystemLPConfig                      0x0800b4d7   Thumb Code    78  misc.o(.text)
    SysTick_CLKSourceConfig                  0x0800b525   Thumb Code    62  misc.o(.text)
    GPIO_DeInit                              0x0800b5ad   Thumb Code   284  stm32f4xx_gpio.o(.text)
    GPIO_Init                                0x0800b6c9   Thumb Code   342  stm32f4xx_gpio.o(.text)
    GPIO_StructInit                          0x0800b81f   Thumb Code    18  stm32f4xx_gpio.o(.text)
    GPIO_PinLockConfig                       0x0800b831   Thumb Code   122  stm32f4xx_gpio.o(.text)
    GPIO_ReadInputDataBit                    0x0800b8ab   Thumb Code   182  stm32f4xx_gpio.o(.text)
    GPIO_ReadInputData                       0x0800b961   Thumb Code   174  stm32f4xx_gpio.o(.text)
    GPIO_ReadOutputDataBit                   0x0800ba0f   Thumb Code   186  stm32f4xx_gpio.o(.text)
    GPIO_ReadOutputData                      0x0800bac9   Thumb Code    78  stm32f4xx_gpio.o(.text)
    GPIO_SetBits                             0x0800bb17   Thumb Code    98  stm32f4xx_gpio.o(.text)
    GPIO_ResetBits                           0x0800bb79   Thumb Code    98  stm32f4xx_gpio.o(.text)
    GPIO_WriteBit                            0x0800bbdb   Thumb Code   200  stm32f4xx_gpio.o(.text)
    GPIO_Write                               0x0800bca3   Thumb Code    78  stm32f4xx_gpio.o(.text)
    GPIO_ToggleBits                          0x0800bcf1   Thumb Code    82  stm32f4xx_gpio.o(.text)
    GPIO_PinAFConfig                         0x0800bd43   Thumb Code   384  stm32f4xx_gpio.o(.text)
    RCC_DeInit                               0x0800bec5   Thumb Code    60  stm32f4xx_rcc.o(.text)
    RCC_HSEConfig                            0x0800bf01   Thumb Code    38  stm32f4xx_rcc.o(.text)
    RCC_GetFlagStatus                        0x0800bf27   Thumb Code   130  stm32f4xx_rcc.o(.text)
    RCC_WaitForHSEStartUp                    0x0800bfa9   Thumb Code    56  stm32f4xx_rcc.o(.text)
    RCC_AdjustHSICalibrationValue            0x0800bfe1   Thumb Code    38  stm32f4xx_rcc.o(.text)
    RCC_HSICmd                               0x0800c007   Thumb Code    28  stm32f4xx_rcc.o(.text)
    RCC_LSEConfig                            0x0800c023   Thumb Code    72  stm32f4xx_rcc.o(.text)
    RCC_LSICmd                               0x0800c06b   Thumb Code    28  stm32f4xx_rcc.o(.text)
    RCC_PLLConfig                            0x0800c087   Thumb Code   156  stm32f4xx_rcc.o(.text)
    RCC_PLLCmd                               0x0800c123   Thumb Code    28  stm32f4xx_rcc.o(.text)
    RCC_PLLI2SConfig                         0x0800c13f   Thumb Code    62  stm32f4xx_rcc.o(.text)
    RCC_PLLI2SCmd                            0x0800c17d   Thumb Code    28  stm32f4xx_rcc.o(.text)
    RCC_ClockSecuritySystemCmd               0x0800c199   Thumb Code    28  stm32f4xx_rcc.o(.text)
    RCC_MCO1Config                           0x0800c1b5   Thumb Code   102  stm32f4xx_rcc.o(.text)
    RCC_MCO2Config                           0x0800c21b   Thumb Code   102  stm32f4xx_rcc.o(.text)
    RCC_SYSCLKConfig                         0x0800c281   Thumb Code   124  stm32f4xx_rcc.o(.text)
    RCC_GetSYSCLKSource                      0x0800c2fd   Thumb Code    10  stm32f4xx_rcc.o(.text)
    RCC_HCLKConfig                           0x0800c307   Thumb Code    68  stm32f4xx_rcc.o(.text)
    RCC_PCLK1Config                          0x0800c34b   Thumb Code    60  stm32f4xx_rcc.o(.text)
    RCC_PCLK2Config                          0x0800c387   Thumb Code    62  stm32f4xx_rcc.o(.text)
    RCC_GetClocksFreq                        0x0800c3c5   Thumb Code   214  stm32f4xx_rcc.o(.text)
    RCC_RTCCLKConfig                         0x0800c49b   Thumb Code   262  stm32f4xx_rcc.o(.text)
    RCC_RTCCLKCmd                            0x0800c5a1   Thumb Code    30  stm32f4xx_rcc.o(.text)
    RCC_BackupResetCmd                       0x0800c5bf   Thumb Code    32  stm32f4xx_rcc.o(.text)
    RCC_I2SCLKConfig                         0x0800c5df   Thumb Code    30  stm32f4xx_rcc.o(.text)
    RCC_AHB1PeriphClockCmd                   0x0800c5fd   Thumb Code    82  stm32f4xx_rcc.o(.text)
    RCC_AHB2PeriphClockCmd                   0x0800c64f   Thumb Code    82  stm32f4xx_rcc.o(.text)
    RCC_AHB3PeriphClockCmd                   0x0800c6a1   Thumb Code   232  stm32f4xx_rcc.o(.text)
    RCC_APB1PeriphClockCmd                   0x0800c789   Thumb Code    82  stm32f4xx_rcc.o(.text)
    RCC_APB2PeriphClockCmd                   0x0800c7db   Thumb Code    82  stm32f4xx_rcc.o(.text)
    RCC_AHB1PeriphResetCmd                   0x0800c82d   Thumb Code    82  stm32f4xx_rcc.o(.text)
    RCC_AHB2PeriphResetCmd                   0x0800c87f   Thumb Code    82  stm32f4xx_rcc.o(.text)
    RCC_AHB3PeriphResetCmd                   0x0800c8d1   Thumb Code    82  stm32f4xx_rcc.o(.text)
    RCC_APB1PeriphResetCmd                   0x0800c923   Thumb Code    82  stm32f4xx_rcc.o(.text)
    RCC_APB2PeriphResetCmd                   0x0800c975   Thumb Code    82  stm32f4xx_rcc.o(.text)
    RCC_AHB1PeriphClockLPModeCmd             0x0800c9c7   Thumb Code    82  stm32f4xx_rcc.o(.text)
    RCC_AHB2PeriphClockLPModeCmd             0x0800ca19   Thumb Code    82  stm32f4xx_rcc.o(.text)
    RCC_AHB3PeriphClockLPModeCmd             0x0800ca6b   Thumb Code    82  stm32f4xx_rcc.o(.text)
    RCC_APB1PeriphClockLPModeCmd             0x0800cabd   Thumb Code    82  stm32f4xx_rcc.o(.text)
    RCC_APB2PeriphClockLPModeCmd             0x0800cb0f   Thumb Code   106  stm32f4xx_rcc.o(.text)
    RCC_ITConfig                             0x0800cb79   Thumb Code    74  stm32f4xx_rcc.o(.text)
    RCC_ClearFlag                            0x0800cbc3   Thumb Code    18  stm32f4xx_rcc.o(.text)
    RCC_GetITStatus                          0x0800cbd5   Thumb Code    68  stm32f4xx_rcc.o(.text)
    RCC_ClearITPendingBit                    0x0800cc19   Thumb Code    34  stm32f4xx_rcc.o(.text)
    SPI_I2S_DeInit                           0x0800cc41   Thumb Code   104  stm32f4xx_spi.o(.text)
    SPI_Init                                 0x0800cca9   Thumb Code   348  stm32f4xx_spi.o(.text)
    I2S_Init                                 0x0800ce05   Thumb Code   508  stm32f4xx_spi.o(.text)
    SPI_StructInit                           0x0800d001   Thumb Code    24  stm32f4xx_spi.o(.text)
    I2S_StructInit                           0x0800d019   Thumb Code   104  stm32f4xx_spi.o(.text)
    SPI_Cmd                                  0x0800d081   Thumb Code    82  stm32f4xx_spi.o(.text)
    I2S_Cmd                                  0x0800d0d3   Thumb Code    88  stm32f4xx_spi.o(.text)
    SPI_DataSizeConfig                       0x0800d12b   Thumb Code    78  stm32f4xx_spi.o(.text)
    SPI_BiDirectionalLineConfig              0x0800d179   Thumb Code    94  stm32f4xx_spi.o(.text)
    SPI_NSSInternalSoftwareConfig            0x0800d1d7   Thumb Code    96  stm32f4xx_spi.o(.text)
    SPI_SSOutputCmd                          0x0800d237   Thumb Code    82  stm32f4xx_spi.o(.text)
    SPI_TIModeCmd                            0x0800d289   Thumb Code    82  stm32f4xx_spi.o(.text)
    I2S_FullDuplexConfig                     0x0800d2db   Thumb Code   258  stm32f4xx_spi.o(.text)
    SPI_I2S_ReceiveData                      0x0800d3dd   Thumb Code    52  stm32f4xx_spi.o(.text)
    SPI_I2S_SendData                         0x0800d411   Thumb Code    54  stm32f4xx_spi.o(.text)
    SPI_CalculateCRC                         0x0800d447   Thumb Code    98  stm32f4xx_spi.o(.text)
    SPI_TransmitCRC                          0x0800d4a9   Thumb Code    46  stm32f4xx_spi.o(.text)
    SPI_GetCRC                               0x0800d4d7   Thumb Code    74  stm32f4xx_spi.o(.text)
    SPI_GetCRCPolynomial                     0x0800d521   Thumb Code    40  stm32f4xx_spi.o(.text)
    SPI_I2S_DMACmd                           0x0800d549   Thumb Code   114  stm32f4xx_spi.o(.text)
    SPI_I2S_ITConfig                         0x0800d5bb   Thumb Code   138  stm32f4xx_spi.o(.text)
    SPI_I2S_GetFlagStatus                    0x0800d645   Thumb Code   120  stm32f4xx_spi.o(.text)
    SPI_I2S_ClearFlag                        0x0800d6bd   Thumb Code    74  stm32f4xx_spi.o(.text)
    SPI_I2S_GetITStatus                      0x0800d707   Thumb Code   154  stm32f4xx_spi.o(.text)
    SPI_I2S_ClearITPendingBit                0x0800d7a1   Thumb Code    86  stm32f4xx_spi.o(.text)
    TIM_DeInit                               0x0800d809   Thumb Code   440  stm32f4xx_tim.o(.text)
    TIM_TimeBaseInit                         0x0800d9c1   Thumb Code   278  stm32f4xx_tim.o(.text)
    TIM_TimeBaseStructInit                   0x0800dad7   Thumb Code    18  stm32f4xx_tim.o(.text)
    TIM_PrescalerConfig                      0x0800dae9   Thumb Code   128  stm32f4xx_tim.o(.text)
    TIM_CounterModeConfig                    0x0800db69   Thumb Code   100  stm32f4xx_tim.o(.text)
    TIM_SetCounter                           0x0800dbcd   Thumb Code   222  stm32f4xx_tim.o(.text)
    TIM_SetAutoreload                        0x0800dcab   Thumb Code   108  stm32f4xx_tim.o(.text)
    TIM_GetCounter                           0x0800dd17   Thumb Code   106  stm32f4xx_tim.o(.text)
    TIM_GetPrescaler                         0x0800dd81   Thumb Code   106  stm32f4xx_tim.o(.text)
    TIM_UpdateDisableConfig                  0x0800ddeb   Thumb Code   148  stm32f4xx_tim.o(.text)
    TIM_UpdateRequestConfig                  0x0800de7f   Thumb Code   148  stm32f4xx_tim.o(.text)
    TIM_ARRPreloadConfig                     0x0800df13   Thumb Code   148  stm32f4xx_tim.o(.text)
    TIM_SelectOnePulseMode                   0x0800dfa7   Thumb Code   142  stm32f4xx_tim.o(.text)
    TIM_SetClockDivision                     0x0800e035   Thumb Code   192  stm32f4xx_tim.o(.text)
    TIM_Cmd                                  0x0800e0f5   Thumb Code   148  stm32f4xx_tim.o(.text)
    TIM_OC1Init                              0x0800e189   Thumb Code   416  stm32f4xx_tim.o(.text)
    TIM_OC2Init                              0x0800e329   Thumb Code   486  stm32f4xx_tim.o(.text)
    TIM_OC3Init                              0x0800e50f   Thumb Code   416  stm32f4xx_tim.o(.text)
    TIM_OC4Init                              0x0800e6af   Thumb Code   300  stm32f4xx_tim.o(.text)
    TIM_OCStructInit                         0x0800e7db   Thumb Code    20  stm32f4xx_tim.o(.text)
    TIM_SelectOCxM                           0x0800e7ef   Thumb Code   256  stm32f4xx_tim.o(.text)
    TIM_SetCompare1                          0x0800e8ef   Thumb Code   142  stm32f4xx_tim.o(.text)
    TIM_SetCompare2                          0x0800e97d   Thumb Code    72  stm32f4xx_tim.o(.text)
    TIM_SetCompare3                          0x0800e9c5   Thumb Code    60  stm32f4xx_tim.o(.text)
    TIM_SetCompare4                          0x0800ea01   Thumb Code    60  stm32f4xx_tim.o(.text)
    TIM_ForcedOC1Config                      0x0800ea3d   Thumb Code   130  stm32f4xx_tim.o(.text)
    TIM_ForcedOC2Config                      0x0800eabf   Thumb Code   114  stm32f4xx_tim.o(.text)
    TIM_ForcedOC3Config                      0x0800eb31   Thumb Code    94  stm32f4xx_tim.o(.text)
    TIM_ForcedOC4Config                      0x0800eb8f   Thumb Code   102  stm32f4xx_tim.o(.text)
    TIM_OC1PreloadConfig                     0x0800ebf5   Thumb Code   124  stm32f4xx_tim.o(.text)
    TIM_OC2PreloadConfig                     0x0800ec71   Thumb Code   108  stm32f4xx_tim.o(.text)
    TIM_OC3PreloadConfig                     0x0800ecdd   Thumb Code   136  stm32f4xx_tim.o(.text)
    TIM_OC4PreloadConfig                     0x0800ed65   Thumb Code    96  stm32f4xx_tim.o(.text)
    TIM_OC1FastConfig                        0x0800edc5   Thumb Code   124  stm32f4xx_tim.o(.text)
    TIM_OC2FastConfig                        0x0800ee41   Thumb Code   108  stm32f4xx_tim.o(.text)
    TIM_OC3FastConfig                        0x0800eead   Thumb Code    88  stm32f4xx_tim.o(.text)
    TIM_OC4FastConfig                        0x0800ef05   Thumb Code    96  stm32f4xx_tim.o(.text)
    TIM_ClearOC1Ref                          0x0800ef65   Thumb Code   124  stm32f4xx_tim.o(.text)
    TIM_ClearOC2Ref                          0x0800efe1   Thumb Code   106  stm32f4xx_tim.o(.text)
    TIM_ClearOC3Ref                          0x0800f04b   Thumb Code    88  stm32f4xx_tim.o(.text)
    TIM_ClearOC4Ref                          0x0800f0a3   Thumb Code    94  stm32f4xx_tim.o(.text)
    TIM_OC1PolarityConfig                    0x0800f101   Thumb Code   174  stm32f4xx_tim.o(.text)
    TIM_OC1NPolarityConfig                   0x0800f1af   Thumb Code    64  stm32f4xx_tim.o(.text)
    TIM_OC2PolarityConfig                    0x0800f1ef   Thumb Code   108  stm32f4xx_tim.o(.text)
    TIM_OC2NPolarityConfig                   0x0800f25b   Thumb Code    72  stm32f4xx_tim.o(.text)
    TIM_OC3PolarityConfig                    0x0800f2a3   Thumb Code    96  stm32f4xx_tim.o(.text)
    TIM_OC3NPolarityConfig                   0x0800f303   Thumb Code    72  stm32f4xx_tim.o(.text)
    TIM_OC4PolarityConfig                    0x0800f34b   Thumb Code    96  stm32f4xx_tim.o(.text)
    TIM_CCxCmd                               0x0800f3ab   Thumb Code   168  stm32f4xx_tim.o(.text)
    TIM_CCxNCmd                              0x0800f453   Thumb Code   104  stm32f4xx_tim.o(.text)
    TIM_SetIC4Prescaler                      0x0800f4bb   Thumb Code   106  stm32f4xx_tim.o(.text)
    TIM_SetIC3Prescaler                      0x0800f5a5   Thumb Code    98  stm32f4xx_tim.o(.text)
    TIM_SetIC2Prescaler                      0x0800f64f   Thumb Code   118  stm32f4xx_tim.o(.text)
    TIM_SetIC1Prescaler                      0x0800f715   Thumb Code   134  stm32f4xx_tim.o(.text)
    TIM_ICInit                               0x0800f7d5   Thumb Code   508  stm32f4xx_tim.o(.text)
    TIM_ICStructInit                         0x0800f9d1   Thumb Code    18  stm32f4xx_tim.o(.text)
    TIM_PWMIConfig                           0x0800f9e3   Thumb Code   184  stm32f4xx_tim.o(.text)
    TIM_GetCapture1                          0x0800fa9b   Thumb Code    92  stm32f4xx_tim.o(.text)
    TIM_GetCapture2                          0x0800faf7   Thumb Code    68  stm32f4xx_tim.o(.text)
    TIM_GetCapture3                          0x0800fb3b   Thumb Code    56  stm32f4xx_tim.o(.text)
    TIM_GetCapture4                          0x0800fb73   Thumb Code    56  stm32f4xx_tim.o(.text)
    TIM_BDTRConfig                           0x0800fbab   Thumb Code   222  stm32f4xx_tim.o(.text)
    TIM_BDTRStructInit                       0x0800fc89   Thumb Code    18  stm32f4xx_tim.o(.text)
    TIM_CtrlPWMOutputs                       0x0800fc9b   Thumb Code    78  stm32f4xx_tim.o(.text)
    TIM_SelectCOM                            0x0800fce9   Thumb Code    72  stm32f4xx_tim.o(.text)
    TIM_CCPreloadControl                     0x0800fd31   Thumb Code    72  stm32f4xx_tim.o(.text)
    TIM_ITConfig                             0x0800fd79   Thumb Code   218  stm32f4xx_tim.o(.text)
    TIM_GenerateEvent                        0x0800fe53   Thumb Code   126  stm32f4xx_tim.o(.text)
    TIM_GetFlagStatus                        0x0800fed1   Thumb Code   188  stm32f4xx_tim.o(.text)
    TIM_ClearFlag                            0x0800ff8d   Thumb Code   108  stm32f4xx_tim.o(.text)
    TIM_GetITStatus                          0x0800fff9   Thumb Code   186  stm32f4xx_tim.o(.text)
    TIM_ClearITPendingBit                    0x080100b3   Thumb Code   108  stm32f4xx_tim.o(.text)
    TIM_DMAConfig                            0x0801011f   Thumb Code   334  stm32f4xx_tim.o(.text)
    TIM_DMACmd                               0x0801026d   Thumb Code   126  stm32f4xx_tim.o(.text)
    TIM_SelectCCDMA                          0x080102eb   Thumb Code    96  stm32f4xx_tim.o(.text)
    TIM_InternalClockConfig                  0x0801034b   Thumb Code    76  stm32f4xx_tim.o(.text)
    TIM_SelectInputTrigger                   0x08010397   Thumb Code   148  stm32f4xx_tim.o(.text)
    TIM_ITRxExternalClockConfig              0x0801042b   Thumb Code   110  stm32f4xx_tim.o(.text)
    TIM_TIxExternalClockConfig               0x08010499   Thumb Code   184  stm32f4xx_tim.o(.text)
    TIM_ETRConfig                            0x08010551   Thumb Code   164  stm32f4xx_tim.o(.text)
    TIM_ETRClockMode1Config                  0x080105f5   Thumb Code   228  stm32f4xx_tim.o(.text)
    TIM_ETRClockMode2Config                  0x080106d9   Thumb Code   152  stm32f4xx_tim.o(.text)
    TIM_SelectOutputTrigger                  0x08010771   Thumb Code   126  stm32f4xx_tim.o(.text)
    TIM_SelectSlaveMode                      0x080107ef   Thumb Code   112  stm32f4xx_tim.o(.text)
    TIM_SelectMasterSlaveMode                0x0801085f   Thumb Code   102  stm32f4xx_tim.o(.text)
    TIM_EncoderInterfaceConfig               0x080108c5   Thumb Code   226  stm32f4xx_tim.o(.text)
    TIM_SelectHallSensor                     0x080109a7   Thumb Code   108  stm32f4xx_tim.o(.text)
    TIM_RemapConfig                          0x08010a13   Thumb Code   138  stm32f4xx_tim.o(.text)
    USART_DeInit                             0x08010a9d   Thumb Code   202  stm32f4xx_usart.o(.text)
    USART_Init                               0x08010b67   Thumb Code   456  stm32f4xx_usart.o(.text)
    USART_StructInit                         0x08010d2f   Thumb Code    24  stm32f4xx_usart.o(.text)
    USART_ClockInit                          0x08010d47   Thumb Code   166  stm32f4xx_usart.o(.text)
    USART_ClockStructInit                    0x08010ded   Thumb Code    12  stm32f4xx_usart.o(.text)
    USART_Cmd                                0x08010df9   Thumb Code    96  stm32f4xx_usart.o(.text)
    USART_SetPrescaler                       0x08010e59   Thumb Code   160  stm32f4xx_usart.o(.text)
    USART_OverSampling8Cmd                   0x08010ef9   Thumb Code    98  stm32f4xx_usart.o(.text)
    USART_OneBitMethodCmd                    0x08010f5b   Thumb Code   100  stm32f4xx_usart.o(.text)
    USART_SendData                           0x08010fbf   Thumb Code    84  stm32f4xx_usart.o(.text)
    USART_ReceiveData                        0x08011013   Thumb Code    62  stm32f4xx_usart.o(.text)
    USART_SetAddress                         0x08011051   Thumb Code    92  stm32f4xx_usart.o(.text)
    USART_ReceiverWakeUpCmd                  0x080110ad   Thumb Code   100  stm32f4xx_usart.o(.text)
    USART_WakeUpConfig                       0x08011111   Thumb Code    96  stm32f4xx_usart.o(.text)
    USART_LINBreakDetectLengthConfig         0x08011171   Thumb Code    94  stm32f4xx_usart.o(.text)
    USART_LINCmd                             0x080111cf   Thumb Code   100  stm32f4xx_usart.o(.text)
    USART_SendBreak                          0x08011233   Thumb Code    64  stm32f4xx_usart.o(.text)
    USART_HalfDuplexCmd                      0x08011273   Thumb Code   100  stm32f4xx_usart.o(.text)
    USART_SetGuardTime                       0x080112d7   Thumb Code    86  stm32f4xx_usart.o(.text)
    USART_SmartCardCmd                       0x0801132d   Thumb Code    88  stm32f4xx_usart.o(.text)
    USART_SmartCardNACKCmd                   0x08011385   Thumb Code    88  stm32f4xx_usart.o(.text)
    USART_IrDAConfig                         0x080113dd   Thumb Code    94  stm32f4xx_usart.o(.text)
    USART_IrDACmd                            0x0801143b   Thumb Code   100  stm32f4xx_usart.o(.text)
    USART_DMACmd                             0x0801149f   Thumb Code   120  stm32f4xx_usart.o(.text)
    USART_ITConfig                           0x08011517   Thumb Code   268  stm32f4xx_usart.o(.text)
    USART_GetFlagStatus                      0x08011623   Thumb Code   176  stm32f4xx_usart.o(.text)
    USART_ClearFlag                          0x080116d3   Thumb Code   160  stm32f4xx_usart.o(.text)
    USART_GetITStatus                        0x08011773   Thumb Code   284  stm32f4xx_usart.o(.text)
    USART_ClearITPendingBit                  0x0801188f   Thumb Code   170  stm32f4xx_usart.o(.text)
    SystemInit                               0x08011a2d   Thumb Code    88  system_stm32f4xx.o(.text)
    SystemCoreClockUpdate                    0x08011a85   Thumb Code   174  system_stm32f4xx.o(.text)
    Reset_Handler                            0x08011b61   Thumb Code     8  startup_stm32f4xx.o(.text)
    HardFault_Handler                        0x08011b6b   Thumb Code     2  startup_stm32f4xx.o(.text)
    PendSV_Handler                           0x08011b77   Thumb Code     2  startup_stm32f4xx.o(.text)
    ADC_IRQHandler                           0x08011b7b   Thumb Code     0  startup_stm32f4xx.o(.text)
    CAN1_RX0_IRQHandler                      0x08011b7b   Thumb Code     0  startup_stm32f4xx.o(.text)
    CAN1_RX1_IRQHandler                      0x08011b7b   Thumb Code     0  startup_stm32f4xx.o(.text)
    CAN1_SCE_IRQHandler                      0x08011b7b   Thumb Code     0  startup_stm32f4xx.o(.text)
    CAN1_TX_IRQHandler                       0x08011b7b   Thumb Code     0  startup_stm32f4xx.o(.text)
    CAN2_RX0_IRQHandler                      0x08011b7b   Thumb Code     0  startup_stm32f4xx.o(.text)
    CAN2_RX1_IRQHandler                      0x08011b7b   Thumb Code     0  startup_stm32f4xx.o(.text)
    CAN2_SCE_IRQHandler                      0x08011b7b   Thumb Code     0  startup_stm32f4xx.o(.text)
    CAN2_TX_IRQHandler                       0x08011b7b   Thumb Code     0  startup_stm32f4xx.o(.text)
    CRYP_IRQHandler                          0x08011b7b   Thumb Code     0  startup_stm32f4xx.o(.text)
    DCMI_IRQHandler                          0x08011b7b   Thumb Code     0  startup_stm32f4xx.o(.text)
    DMA1_Stream0_IRQHandler                  0x08011b7b   Thumb Code     0  startup_stm32f4xx.o(.text)
    DMA1_Stream1_IRQHandler                  0x08011b7b   Thumb Code     0  startup_stm32f4xx.o(.text)
    DMA1_Stream2_IRQHandler                  0x08011b7b   Thumb Code     0  startup_stm32f4xx.o(.text)
    DMA1_Stream3_IRQHandler                  0x08011b7b   Thumb Code     0  startup_stm32f4xx.o(.text)
    DMA1_Stream4_IRQHandler                  0x08011b7b   Thumb Code     0  startup_stm32f4xx.o(.text)
    DMA1_Stream5_IRQHandler                  0x08011b7b   Thumb Code     0  startup_stm32f4xx.o(.text)
    DMA1_Stream6_IRQHandler                  0x08011b7b   Thumb Code     0  startup_stm32f4xx.o(.text)
    DMA1_Stream7_IRQHandler                  0x08011b7b   Thumb Code     0  startup_stm32f4xx.o(.text)
    DMA2_Stream0_IRQHandler                  0x08011b7b   Thumb Code     0  startup_stm32f4xx.o(.text)
    DMA2_Stream1_IRQHandler                  0x08011b7b   Thumb Code     0  startup_stm32f4xx.o(.text)
    DMA2_Stream2_IRQHandler                  0x08011b7b   Thumb Code     0  startup_stm32f4xx.o(.text)
    DMA2_Stream3_IRQHandler                  0x08011b7b   Thumb Code     0  startup_stm32f4xx.o(.text)
    DMA2_Stream4_IRQHandler                  0x08011b7b   Thumb Code     0  startup_stm32f4xx.o(.text)
    DMA2_Stream5_IRQHandler                  0x08011b7b   Thumb Code     0  startup_stm32f4xx.o(.text)
    DMA2_Stream6_IRQHandler                  0x08011b7b   Thumb Code     0  startup_stm32f4xx.o(.text)
    DMA2_Stream7_IRQHandler                  0x08011b7b   Thumb Code     0  startup_stm32f4xx.o(.text)
    ETH_IRQHandler                           0x08011b7b   Thumb Code     0  startup_stm32f4xx.o(.text)
    ETH_WKUP_IRQHandler                      0x08011b7b   Thumb Code     0  startup_stm32f4xx.o(.text)
    EXTI0_IRQHandler                         0x08011b7b   Thumb Code     0  startup_stm32f4xx.o(.text)
    EXTI15_10_IRQHandler                     0x08011b7b   Thumb Code     0  startup_stm32f4xx.o(.text)
    EXTI1_IRQHandler                         0x08011b7b   Thumb Code     0  startup_stm32f4xx.o(.text)
    EXTI2_IRQHandler                         0x08011b7b   Thumb Code     0  startup_stm32f4xx.o(.text)
    EXTI3_IRQHandler                         0x08011b7b   Thumb Code     0  startup_stm32f4xx.o(.text)
    EXTI4_IRQHandler                         0x08011b7b   Thumb Code     0  startup_stm32f4xx.o(.text)
    EXTI9_5_IRQHandler                       0x08011b7b   Thumb Code     0  startup_stm32f4xx.o(.text)
    FLASH_IRQHandler                         0x08011b7b   Thumb Code     0  startup_stm32f4xx.o(.text)
    FPU_IRQHandler                           0x08011b7b   Thumb Code     0  startup_stm32f4xx.o(.text)
    FSMC_IRQHandler                          0x08011b7b   Thumb Code     0  startup_stm32f4xx.o(.text)
    HASH_RNG_IRQHandler                      0x08011b7b   Thumb Code     0  startup_stm32f4xx.o(.text)
    I2C1_ER_IRQHandler                       0x08011b7b   Thumb Code     0  startup_stm32f4xx.o(.text)
    I2C1_EV_IRQHandler                       0x08011b7b   Thumb Code     0  startup_stm32f4xx.o(.text)
    I2C2_ER_IRQHandler                       0x08011b7b   Thumb Code     0  startup_stm32f4xx.o(.text)
    I2C2_EV_IRQHandler                       0x08011b7b   Thumb Code     0  startup_stm32f4xx.o(.text)
    I2C3_ER_IRQHandler                       0x08011b7b   Thumb Code     0  startup_stm32f4xx.o(.text)
    I2C3_EV_IRQHandler                       0x08011b7b   Thumb Code     0  startup_stm32f4xx.o(.text)
    OTG_FS_WKUP_IRQHandler                   0x08011b7b   Thumb Code     0  startup_stm32f4xx.o(.text)
    OTG_HS_EP1_IN_IRQHandler                 0x08011b7b   Thumb Code     0  startup_stm32f4xx.o(.text)
    OTG_HS_EP1_OUT_IRQHandler                0x08011b7b   Thumb Code     0  startup_stm32f4xx.o(.text)
    OTG_HS_IRQHandler                        0x08011b7b   Thumb Code     0  startup_stm32f4xx.o(.text)
    OTG_HS_WKUP_IRQHandler                   0x08011b7b   Thumb Code     0  startup_stm32f4xx.o(.text)
    PVD_IRQHandler                           0x08011b7b   Thumb Code     0  startup_stm32f4xx.o(.text)
    RCC_IRQHandler                           0x08011b7b   Thumb Code     0  startup_stm32f4xx.o(.text)
    RTC_Alarm_IRQHandler                     0x08011b7b   Thumb Code     0  startup_stm32f4xx.o(.text)
    RTC_WKUP_IRQHandler                      0x08011b7b   Thumb Code     0  startup_stm32f4xx.o(.text)
    SDIO_IRQHandler                          0x08011b7b   Thumb Code     0  startup_stm32f4xx.o(.text)
    SPI1_IRQHandler                          0x08011b7b   Thumb Code     0  startup_stm32f4xx.o(.text)
    SPI2_IRQHandler                          0x08011b7b   Thumb Code     0  startup_stm32f4xx.o(.text)
    SPI3_IRQHandler                          0x08011b7b   Thumb Code     0  startup_stm32f4xx.o(.text)
    TAMP_STAMP_IRQHandler                    0x08011b7b   Thumb Code     0  startup_stm32f4xx.o(.text)
    TIM1_BRK_TIM9_IRQHandler                 0x08011b7b   Thumb Code     0  startup_stm32f4xx.o(.text)
    TIM1_CC_IRQHandler                       0x08011b7b   Thumb Code     0  startup_stm32f4xx.o(.text)
    TIM1_TRG_COM_TIM11_IRQHandler            0x08011b7b   Thumb Code     0  startup_stm32f4xx.o(.text)
    TIM1_UP_TIM10_IRQHandler                 0x08011b7b   Thumb Code     0  startup_stm32f4xx.o(.text)
    TIM2_IRQHandler                          0x08011b7b   Thumb Code     0  startup_stm32f4xx.o(.text)
    TIM5_IRQHandler                          0x08011b7b   Thumb Code     0  startup_stm32f4xx.o(.text)
    TIM6_DAC_IRQHandler                      0x08011b7b   Thumb Code     0  startup_stm32f4xx.o(.text)
    TIM7_IRQHandler                          0x08011b7b   Thumb Code     0  startup_stm32f4xx.o(.text)
    TIM8_BRK_TIM12_IRQHandler                0x08011b7b   Thumb Code     0  startup_stm32f4xx.o(.text)
    TIM8_CC_IRQHandler                       0x08011b7b   Thumb Code     0  startup_stm32f4xx.o(.text)
    TIM8_TRG_COM_TIM14_IRQHandler            0x08011b7b   Thumb Code     0  startup_stm32f4xx.o(.text)
    TIM8_UP_TIM13_IRQHandler                 0x08011b7b   Thumb Code     0  startup_stm32f4xx.o(.text)
    UART4_IRQHandler                         0x08011b7b   Thumb Code     0  startup_stm32f4xx.o(.text)
    USART1_IRQHandler                        0x08011b7b   Thumb Code     0  startup_stm32f4xx.o(.text)
    USART3_IRQHandler                        0x08011b7b   Thumb Code     0  startup_stm32f4xx.o(.text)
    USART6_IRQHandler                        0x08011b7b   Thumb Code     0  startup_stm32f4xx.o(.text)
    WWDG_IRQHandler                          0x08011b7b   Thumb Code     0  startup_stm32f4xx.o(.text)
    usbd_init                                0x08011b85   Thumb Code    22  usbd_core.o(.text)
    usbd_connect                             0x08011b9b   Thumb Code    12  usbd_core.o(.text)
    usbd_reset_core                          0x08011ba7   Thumb Code    38  usbd_core.o(.text)
    usbd_configured                          0x08011bcd   Thumb Code    14  usbd_core.o(.text)
    USBD_SetupStage                          0x08011bdb   Thumb Code    12  usbd_core.o(.text)
    USBD_DataInStage                         0x08011be7   Thumb Code    66  usbd_core.o(.text)
    USBD_DataOutStage                        0x08011c29   Thumb Code    34  usbd_core.o(.text)
    USBD_StatusInStage                       0x08011c4b   Thumb Code    14  usbd_core.o(.text)
    USBD_StatusOutStage                      0x08011c59   Thumb Code    12  usbd_core.o(.text)
    USBD_ReqGetStatus                        0x08011c65   Thumb Code   160  usbd_core.o(.text)
    USBD_ReqSetClrFeature                    0x08011d05   Thumb Code   216  usbd_core.o(.text)
    USBD_ReqGetDescriptor                    0x08011ddd   Thumb Code   496  usbd_core.o(.text)
    USBD_ReqGetConfiguration                 0x08011fcd   Thumb Code    28  usbd_core.o(.text)
    USBD_ReqSetConfiguration                 0x08011fe9   Thumb Code   432  usbd_core.o(.text)
    USBD_ReqGetInterface                     0x08012199   Thumb Code    60  usbd_core.o(.text)
    USBD_ReqSetInterface                     0x080121d5   Thumb Code   308  usbd_core.o(.text)
    USBD_EndPoint0                           0x08012309   Thumb Code   682  usbd_core.o(.text)
    USBD_ReqGetDescriptor_HID                0x080125cd   Thumb Code   132  usbd_core_hid.o(.text)
    USBD_EndPoint0_Setup_HID_ReqToIF         0x08012651   Thumb Code   200  usbd_core_hid.o(.text)
    USBD_EndPoint0_Out_HID_ReqToIF           0x08012719   Thumb Code    44  usbd_core_hid.o(.text)
    usbd_hid_init                            0x0801277d   Thumb Code     2  usbd_hid.o(.text)
    usbd_hid_get_protocol                    0x0801278d   Thumb Code     4  usbd_hid.o(.text)
    usbd_hid_set_protocol                    0x08012791   Thumb Code     2  usbd_hid.o(.text)
    USBD_HID_GetReport                       0x08012793   Thumb Code    54  usbd_hid.o(.text)
    USBD_HID_SetReport                       0x080127c9   Thumb Code    58  usbd_hid.o(.text)
    USBD_HID_GetIdle                         0x08012803   Thumb Code    16  usbd_hid.o(.text)
    USBD_HID_SetIdle                         0x08012813   Thumb Code    48  usbd_hid.o(.text)
    USBD_HID_GetProtocol                     0x08012843   Thumb Code    14  usbd_hid.o(.text)
    USBD_HID_SetProtocol                     0x08012851   Thumb Code    14  usbd_hid.o(.text)
    USBD_HID_EP_INTIN_Event                  0x0801285f   Thumb Code   422  usbd_hid.o(.text)
    USBD_HID_EP_INTOUT_Event                 0x08012a05   Thumb Code   148  usbd_hid.o(.text)
    USBD_HID_Configure_Event                 0x08012a99   Thumb Code    48  usbd_hid.o(.text)
    USBD_HID_EP_INT_Event                    0x08012ac9   Thumb Code    30  usbd_hid.o(.text)
    USBD_HID_SOF_Event                       0x08012ae7   Thumb Code   460  usbd_hid.o(.text)
    usbd_hid_get_report_trigger              0x08012cb3   Thumb Code   148  usbd_hid.o(.text)
    disk_status                              0x08012d81   Thumb Code    24  diskio.o(.text)
    disk_initialize                          0x08012d99   Thumb Code    34  diskio.o(.text)
    disk_read                                0x08012dbb   Thumb Code    56  diskio.o(.text)
    disk_write                               0x08012df3   Thumb Code    56  diskio.o(.text)
    disk_ioctl                               0x08012e2b   Thumb Code    60  diskio.o(.text)
    get_fattime                              0x08012e67   Thumb Code     4  diskio.o(.text)
    clust2sect                               0x08013027   Thumb Code    26  ff.o(.text)
    get_fat                                  0x08013041   Thumb Code   318  ff.o(.text)
    put_fat                                  0x0801317f   Thumb Code   392  ff.o(.text)
    f_mount                                  0x08013f85   Thumb Code    86  ff.o(.text)
    f_open                                   0x08013fdb   Thumb Code   356  ff.o(.text)
    f_read                                   0x0801413f   Thumb Code   498  ff.o(.text)
    f_write                                  0x08014331   Thumb Code   540  ff.o(.text)
    f_sync                                   0x0801454d   Thumb Code   176  ff.o(.text)
    f_close                                  0x080145fd   Thumb Code    32  ff.o(.text)
    f_lseek                                  0x0801461d   Thumb Code   726  ff.o(.text)
    f_opendir                                0x080148f3   Thumb Code   110  ff.o(.text)
    f_closedir                               0x08014961   Thumb Code    22  ff.o(.text)
    f_readdir                                0x08014977   Thumb Code    88  ff.o(.text)
    f_stat                                   0x080149cf   Thumb Code    60  ff.o(.text)
    f_getfree                                0x08014a0b   Thumb Code   258  ff.o(.text)
    f_truncate                               0x08014b0d   Thumb Code   184  ff.o(.text)
    f_unlink                                 0x08014bc5   Thumb Code   166  ff.o(.text)
    f_mkdir                                  0x08014c6b   Thumb Code   352  ff.o(.text)
    f_chmod                                  0x08014dcb   Thumb Code    84  ff.o(.text)
    f_rename                                 0x08014e1f   Thumb Code   258  ff.o(.text)
    f_utime                                  0x08014f21   Thumb Code    86  ff.o(.text)
    f_mkfs                                   0x08014f77   Thumb Code  1624  ff.o(.text)
    __aeabi_memcpy                           0x080155fd   Thumb Code    36  memcpya.o(.text)
    __aeabi_memcpy4                          0x080155fd   Thumb Code     0  memcpya.o(.text)
    __aeabi_memcpy8                          0x080155fd   Thumb Code     0  memcpya.o(.text)
    __aeabi_memset                           0x08015621   Thumb Code    14  memseta.o(.text)
    __aeabi_memset4                          0x08015621   Thumb Code     0  memseta.o(.text)
    __aeabi_memset8                          0x08015621   Thumb Code     0  memseta.o(.text)
    __aeabi_memclr                           0x0801562f   Thumb Code     4  memseta.o(.text)
    __aeabi_memclr4                          0x0801562f   Thumb Code     0  memseta.o(.text)
    __aeabi_memclr8                          0x0801562f   Thumb Code     0  memseta.o(.text)
    _memset$wrapper                          0x08015633   Thumb Code    18  memseta.o(.text)
    strlen                                   0x08015645   Thumb Code    14  strlen.o(.text)
    __aeabi_dadd                             0x08015653   Thumb Code   322  dadd.o(.text)
    __aeabi_dsub                             0x08015795   Thumb Code     6  dadd.o(.text)
    __aeabi_drsub                            0x0801579b   Thumb Code     6  dadd.o(.text)
    __aeabi_dmul                             0x080157a1   Thumb Code   228  dmul.o(.text)
    __aeabi_i2d                              0x08015885   Thumb Code    34  dflti.o(.text)
    __aeabi_f2d                              0x080158a7   Thumb Code    38  f2d.o(.text)
    __aeabi_cdcmpeq                          0x080158cd   Thumb Code     0  cdcmple.o(.text)
    __aeabi_cdcmple                          0x080158cd   Thumb Code    48  cdcmple.o(.text)
    __aeabi_cdrcmple                         0x080158fd   Thumb Code    48  cdrcmple.o(.text)
    __aeabi_d2f                              0x0801592d   Thumb Code    56  d2f.o(.text)
    __aeabi_llsl                             0x08015965   Thumb Code    30  llshl.o(.text)
    _ll_shift_l                              0x08015965   Thumb Code     0  llshl.o(.text)
    __aeabi_lasr                             0x08015983   Thumb Code    36  llsshr.o(.text)
    _ll_sshift_r                             0x08015983   Thumb Code     0  llsshr.o(.text)
    __I$use$fp                               0x080159a7   Thumb Code     0  iusefp.o(.text)
    _float_round                             0x080159a7   Thumb Code    18  fepilogue.o(.text)
    _float_epilogue                          0x080159b9   Thumb Code    92  fepilogue.o(.text)
    _double_round                            0x08015a15   Thumb Code    30  depilogue.o(.text)
    _double_epilogue                         0x08015a33   Thumb Code   156  depilogue.o(.text)
    __aeabi_ddiv                             0x08015acf   Thumb Code   222  ddiv.o(.text)
    __scatterload                            0x08015bad   Thumb Code    28  init.o(.text)
    __scatterload_rt2                        0x08015bad   Thumb Code     0  init.o(.text)
    __aeabi_llsr                             0x08015bd1   Thumb Code    32  llushr.o(.text)
    _ll_ushift_r                             0x08015bd1   Thumb Code     0  llushr.o(.text)
    _dsqrt                                   0x08015bf1   Thumb Code   162  dsqrt.o(.text)
    __decompress                             0x08015c93   Thumb Code     0  __dczerorl2.o(.text)
    __decompress1                            0x08015c93   Thumb Code    86  __dczerorl2.o(.text)
    __ARM_fpclassify                         0x08015ce9   Thumb Code    48  fpclassify.o(i.__ARM_fpclassify)
    __hardfp_asin                            0x08015d19   Thumb Code   770  asin.o(i.__hardfp_asin)
    __kernel_poly                            0x08016079   Thumb Code   248  poly.o(i.__kernel_poly)
    __mathlib_dbl_infnan                     0x08016171   Thumb Code    20  dunder.o(i.__mathlib_dbl_infnan)
    __mathlib_dbl_invalid                    0x08016189   Thumb Code    24  dunder.o(i.__mathlib_dbl_invalid)
    __mathlib_dbl_underflow                  0x080161a9   Thumb Code    24  dunder.o(i.__mathlib_dbl_underflow)
    __scatterload_copy                       0x080161c9   Thumb Code    14  handlers.o(i.__scatterload_copy)
    __scatterload_null                       0x080161d7   Thumb Code     2  handlers.o(i.__scatterload_null)
    __scatterload_zeroinit                   0x080161d9   Thumb Code    14  handlers.o(i.__scatterload_zeroinit)
    __set_errno                              0x080161e9   Thumb Code     6  errno.o(i.__set_errno)
    fabs                                     0x080161f5   Thumb Code    24  fabs.o(i.fabs)
    sqrt                                     0x0801620d   Thumb Code   110  sqrt.o(i.sqrt)
    usbd_power                               0x0801627c   Data           1  usb_config.o(.constdata)
    usbd_hs_enable                           0x0801627d   Data           1  usb_config.o(.constdata)
    usbd_if_num                              0x0801627e   Data           2  usb_config.o(.constdata)
    usbd_ep_num                              0x08016280   Data           1  usb_config.o(.constdata)
    usbd_max_packet0                         0x08016281   Data           1  usb_config.o(.constdata)
    usbd_hid_if_num                          0x08016282   Data           1  usb_config.o(.constdata)
    usbd_hid_ep_intin                        0x08016283   Data           1  usb_config.o(.constdata)
    usbd_hid_ep_intout                       0x08016284   Data           1  usb_config.o(.constdata)
    usbd_hid_interval                        0x08016286   Data           4  usb_config.o(.constdata)
    usbd_hid_maxpacketsize                   0x0801628a   Data           4  usb_config.o(.constdata)
    usbd_hid_inreport_num                    0x0801628e   Data           1  usb_config.o(.constdata)
    usbd_hid_outreport_num                   0x0801628f   Data           1  usb_config.o(.constdata)
    usbd_hid_inreport_max_sz                 0x08016290   Data           2  usb_config.o(.constdata)
    usbd_hid_outreport_max_sz                0x08016292   Data           2  usb_config.o(.constdata)
    usbd_hid_featreport_max_sz               0x08016294   Data           2  usb_config.o(.constdata)
    USBD_P_Power_Event                       0x08016298   Data           4  usb_config.o(.constdata)
    USBD_P_Reset_Event                       0x0801629c   Data           4  usb_config.o(.constdata)
    USBD_P_Suspend_Event                     0x080162a0   Data           4  usb_config.o(.constdata)
    USBD_P_Resume_Event                      0x080162a4   Data           4  usb_config.o(.constdata)
    USBD_P_WakeUp_Event                      0x080162a8   Data           4  usb_config.o(.constdata)
    USBD_P_SOF_Event                         0x080162ac   Data           4  usb_config.o(.constdata)
    USBD_P_Error_Event                       0x080162b0   Data           4  usb_config.o(.constdata)
    USBD_P_EP                                0x080162b4   Data          64  usb_config.o(.constdata)
    USBD_P_Configure_Event                   0x080162f4   Data           4  usb_config.o(.constdata)
    USBD_P_Interface_Event                   0x080162f8   Data           4  usb_config.o(.constdata)
    USBD_P_Feature_Event                     0x080162fc   Data           4  usb_config.o(.constdata)
    __rtx                                    0x08016300   Data           4  usb_config.o(.constdata)
    USBD_HID_ReportDescriptor                0x08016304   Data          33  usb_config.o(.constdata)
    USBD_HID_ReportDescriptorSize            0x08016326   Data           2  usb_config.o(.constdata)
    USBD_HID_DescriptorOffset                0x08016328   Data           2  usb_config.o(.constdata)
    USBD_DeviceDescriptor                    0x0801632a   Data          18  usb_config.o(.constdata)
    USBD_DeviceQualifier                     0x0801633c   Data           1  usb_config.o(.constdata)
    USBD_DeviceQualifier_HS                  0x0801633d   Data           1  usb_config.o(.constdata)
    USBD_ConfigDescriptor                    0x0801633e   Data          42  usb_config.o(.constdata)
    USBD_ConfigDescriptor_HS                 0x08016368   Data           1  usb_config.o(.constdata)
    USBD_OtherSpeedConfigDescriptor          0x08016369   Data           1  usb_config.o(.constdata)
    USBD_OtherSpeedConfigDescriptor_HS       0x0801636a   Data           1  usb_config.o(.constdata)
    USBD_StringDescriptor                    0x0801636c   Data         128  usb_config.o(.constdata)
    Region$$Table$$Base                      0x08016468   Number         0  anon$$obj.o(Region$$Table)
    Region$$Table$$Limit                     0x08016488   Number         0  anon$$obj.o(Region$$Table)
    Init_Finish                              0x20000000   Data           1  main.o(.data)
    loop_cnt                                 0x20000002   Data           2  scheduler.o(.data)
    flash_init_error                         0x20000004   Data           1  parameter.o(.data)
    thr_value                                0x20000008   Data           4  ctrl.o(.data)
    Thr_Low                                  0x2000000c   Data           1  ctrl.o(.data)
    Thr_Weight                               0x20000010   Data           4  ctrl.o(.data)
    motor_out                                0x20000014   Data           8  ctrl.o(.data)
    Roll                                     0x20000024   Data           4  imu.o(.data)
    Pitch                                    0x20000028   Data           4  imu.o(.data)
    Yaw                                      0x2000002c   Data           4  imu.o(.data)
    ref_q                                    0x20000030   Data          16  imu.o(.data)
    norm_acc                                 0x20000040   Data           4  imu.o(.data)
    norm_q                                   0x20000044   Data           4  imu.o(.data)
    norm_acc_lpf                             0x20000048   Data           4  imu.o(.data)
    mag_norm                                 0x2000004c   Data           4  imu.o(.data)
    mag_norm_xyz                             0x20000050   Data           4  imu.o(.data)
    acc_ng_cali                              0x20000054   Data           1  imu.o(.data)
    fast_atan_table                          0x20000060   Data        1028  mymath.o(.data)
    checkdata_to_send                        0x20000464   Data           1  data_transfer.o(.data)
    checksum_to_send                         0x20000465   Data           1  data_transfer.o(.data)
    flash_save_en_cnt                        0x20000466   Data           2  data_transfer.o(.data)
    CH_in_Mapping                            0x20000478   Data           8  rc.o(.data)
    rc_lose                                  0x20000480   Data           1  rc.o(.data)
    NS                                       0x20000481   Data           1  rc.o(.data)
    CH_Error                                 0x20000482   Data           8  rc.o(.data)
    NS_cnt                                   0x2000048a   Data           2  rc.o(.data)
    MAX_CH                                   0x2000048c   Data          16  rc.o(.data)
    MIN_CH                                   0x2000049c   Data          16  rc.o(.data)
    CH_DIR                                   0x200004ac   Data           8  rc.o(.data)
    filter_A                                 0x200004b4   Data           4  rc.o(.data)
    fly_ready                                0x200004b8   Data           1  rc.o(.data)
    thr_stick_low                            0x200004b9   Data           1  rc.o(.data)
    ready_cnt                                0x200004ba   Data           2  rc.o(.data)
    mag_cali_cnt                             0x200004bc   Data           2  rc.o(.data)
    locked_cnt                               0x200004be   Data           2  rc.o(.data)
    USBD_AltSetting                          0x200004c0   Data           1  usb_config.o(.data)
    USBD_HID_PollingCnt                      0x200004c2   Data           2  usb_config.o(.data)
    USBD_HID_IdleCnt                         0x200004c4   Data           1  usb_config.o(.data)
    USBD_HID_IdleReload                      0x200004c5   Data           1  usb_config.o(.data)
    USBD_HID_IdleSet                         0x200004c6   Data           1  usb_config.o(.data)
    USBD_HID_FeatReport                      0x200004c7   Data           2  usb_config.o(.data)
    HID_SEND_TIMEOUT                         0x200004c9   Data           1  usbd_user_hid.o(.data)
    hid_datatemp_begin                       0x200004ca   Data           1  usbd_user_hid.o(.data)
    hid_datatemp_end                         0x200004cb   Data           1  usbd_user_hid.o(.data)
    set_height_e                             0x200004dc   Data           4  height_ctrl.o(.data)
    set_height_em                            0x200004e0   Data           4  height_ctrl.o(.data)
    set_speed_t                              0x200004e4   Data           4  height_ctrl.o(.data)
    set_speed                                0x200004e8   Data           4  height_ctrl.o(.data)
    exp_speed                                0x200004ec   Data           4  height_ctrl.o(.data)
    fb_speed                                 0x200004f0   Data           4  height_ctrl.o(.data)
    exp_acc                                  0x200004f4   Data           4  height_ctrl.o(.data)
    fb_acc                                   0x200004f8   Data           4  height_ctrl.o(.data)
    fb_speed_old                             0x200004fc   Data           4  height_ctrl.o(.data)
    thr_take_off_f                           0x20000500   Data           1  height_ctrl.o(.data)
    auto_take_off                            0x20000501   Data           1  height_ctrl.o(.data)
    auto_land                                0x20000502   Data           1  height_ctrl.o(.data)
    height_ref                               0x20000504   Data           4  height_ctrl.o(.data)
    thr_set                                  0x20000508   Data           4  height_ctrl.o(.data)
    thr_pid_out                              0x2000050c   Data           4  height_ctrl.o(.data)
    thr_out                                  0x20000510   Data           4  height_ctrl.o(.data)
    thr_take_off                             0x20000514   Data           4  height_ctrl.o(.data)
    tilted_fix                               0x20000518   Data           4  height_ctrl.o(.data)
    en_old                                   0x2000051c   Data           4  height_ctrl.o(.data)
    ex_i_en_f                                0x20000520   Data           1  height_ctrl.o(.data)
    ex_i_en                                  0x20000521   Data           1  height_ctrl.o(.data)
    mode_state                               0x20000534   Data           1  fly_mode.o(.data)
    mode_state_old                           0x20000535   Data           1  fly_mode.o(.data)
    sonar_av_cnt                             0x20000538   Data           2  anotc_baro_ctrl.o(.data)
    sonar_f_set                              0x2000053c   Data          24  anotc_baro_ctrl.o(.data)
    baro_av_cnt                              0x20000554   Data           2  anotc_baro_ctrl.o(.data)
    baro_f_set                               0x20000558   Data          24  anotc_baro_ctrl.o(.data)
    sonar_weight                             0x20000570   Data           4  anotc_baro_ctrl.o(.data)
    wz_speed                                 0x20000574   Data           4  anotc_baro_ctrl.o(.data)
    baro_com_val                             0x20000578   Data           4  anotc_baro_ctrl.o(.data)
    sysTickUptime                            0x2000058c   Data           4  time.o(.data)
    time_1h                                  0x20000590   Data           4  time.o(.data)
    time_1m                                  0x20000594   Data           4  time.o(.data)
    time_1s                                  0x20000598   Data           4  time.o(.data)
    time_1ms                                 0x2000059c   Data           4  time.o(.data)
    CH_out_Mapping                           0x200005c0   Data           4  pwm_out.o(.data)
    I2C_FastMode                             0x200005c4   Data           1  i2c_soft.o(.data)
    mpu6050_ok                               0x200005c8   Data           1  mpu6050.o(.data)
    acc_sum_cnt                              0x200005ca   Data           2  mpu6050.o(.data)
    gyro_sum_cnt                             0x200005cc   Data           2  mpu6050.o(.data)
    filter_cnt                               0x200005ce   Data           1  mpu6050.o(.data)
    filter_cnt_old                           0x200005cf   Data           1  mpu6050.o(.data)
    test_ang                                 0x200005d0   Data           4  mpu6050.o(.data)
    test_ang_old                             0x200005d4   Data           4  mpu6050.o(.data)
    test_ang_d                               0x200005d8   Data           4  mpu6050.o(.data)
    test_fli_a                               0x200005dc   Data           4  mpu6050.o(.data)
    test_i                                   0x200005e0   Data           4  mpu6050.o(.data)
    ak8975                                   0x200005e4   Data          44  ak8975.o(.data)
    ak8975_ok                                0x20000610   Data           1  ak8975.o(.data)
    Mag_CALIBRATED                           0x20000611   Data           1  ak8975.o(.data)
    led_accuracy                             0x20000630   Data           2  led.o(.data)
    LED_Brightness                           0x20000634   Data          16  led.o(.data)
    light                                    0x20000654   Data           3  led.o(.data)
    baro_height_old                          0x20000668   Data           4  ms5611.o(.data)
    baro_Offset                              0x2000066c   Data           4  ms5611.o(.data)
    ms5611_ut                                0x20000670   Data           4  ms5611.o(.data)
    ms5611_up                                0x20000674   Data           4  ms5611.o(.data)
    t_rxbuf                                  0x20000678   Data           3  ms5611.o(.data)
    p_rxbuf                                  0x2000067b   Data           3  ms5611.o(.data)
    ms5611_ok                                0x2000067e   Data           1  ms5611.o(.data)
    temperature_5611                         0x20000680   Data           4  ms5611.o(.data)
    moavcnt                                  0x20000684   Data           2  ms5611.o(.data)
    TxCounter                                0x2000068e   Data           1  usart.o(.data)
    count                                    0x2000068f   Data           1  usart.o(.data)
    Tx5Counter                               0x20000690   Data           1  usart.o(.data)
    count5                                   0x20000691   Data           1  usart.o(.data)
    OutMaxPacketSize                         0x20000694   Data          16  usbd_stm32f4xx_fs.o(.data)
    InPacketDataPtr                          0x200006a4   Data          16  usbd_stm32f4xx_fs.o(.data)
    InPacketDataReady                        0x200006b4   Data           4  usbd_stm32f4xx_fs.o(.data)
    SyncWriteEP                              0x200006b8   Data           4  usbd_stm32f4xx_fs.o(.data)
    IsoOutTokenRead                          0x200006bc   Data           4  usbd_stm32f4xx_fs.o(.data)
    ultra_start_f                            0x200006c4   Data           1  ultrasonic.o(.data)
    ultra_distance_old                       0x200006c6   Data           2  ultrasonic.o(.data)
    SystemCoreClock                          0x200006dc   Data           4  system_stm32f4xx.o(.data)
    AHBPrescTable                            0x200006e0   Data          16  system_stm32f4xx.o(.data)
    USBD_DeviceStatus                        0x200006f0   Data           2  usbd_core.o(.data)
    USBD_DeviceAddress                       0x200006f2   Data           1  usbd_core.o(.data)
    USBD_Configuration                       0x200006f3   Data           1  usbd_core.o(.data)
    USBD_EndPointMask                        0x200006f4   Data           4  usbd_core.o(.data)
    USBD_EndPointHalt                        0x200006f8   Data           4  usbd_core.o(.data)
    USBD_EndPointStall                       0x200006fc   Data           4  usbd_core.o(.data)
    USBD_NumInterfaces                       0x20000700   Data           1  usbd_core.o(.data)
    USBD_HighSpeed                           0x20000701   Data           1  usbd_core.o(.data)
    USBD_ZLP                                 0x20000702   Data           1  usbd_core.o(.data)
    USBD_EP0Data                             0x20000704   Data           8  usbd_core.o(.data)
    USBD_SetupPacket                         0x2000070c   Data           8  usbd_core.o(.data)
    USBD_HID_Protocol                        0x20000714   Data           1  usbd_hid.o(.data)
    DataOutAsyncReq                          0x20000718   Data           4  usbd_hid.o(.data)
    DataOutUpdateReqMask                     0x2000071c   Data           4  usbd_hid.o(.data)
    ptrDataOut                               0x20000720   Data           4  usbd_hid.o(.data)
    DataOutToSendLen                         0x20000724   Data           2  usbd_hid.o(.data)
    DataOutSentLen                           0x20000726   Data           2  usbd_hid.o(.data)
    DataOutEndWithShortPacket                0x20000728   Data           4  usbd_hid.o(.data)
    ptrDataIn                                0x2000072c   Data           4  usbd_hid.o(.data)
    DataInReceLen                            0x20000730   Data           2  usbd_hid.o(.data)
    ptrDataFeat                              0x20000734   Data           4  usbd_hid.o(.data)
    DataFeatReceLen                          0x20000738   Data           2  usbd_hid.o(.data)
    loop                                     0x20000750   Data          16  scheduler.o(.bss)
    test                                     0x20000760   Data          20  scheduler.o(.bss)
    sensor_setup                             0x20000774   Data          64  parameter.o(.bss)
    pid_setup                                0x200007b4   Data         192  parameter.o(.bss)
    ctrl_1                                   0x200028e8   Data         196  ctrl.o(.bss)
    ctrl_2                                   0x200029ac   Data         196  ctrl.o(.bss)
    except_A                                 0x20002a70   Data          12  ctrl.o(.bss)
    ctrl_angle_offset                        0x20002a7c   Data          12  ctrl.o(.bss)
    compensation                             0x20002a88   Data          12  ctrl.o(.bss)
    except_AS                                0x20002a94   Data          12  ctrl.o(.bss)
    g_old                                    0x20002aa0   Data          28  ctrl.o(.bss)
    motor                                    0x20002abc   Data          16  ctrl.o(.bss)
    posture_value                            0x20002acc   Data          16  ctrl.o(.bss)
    curve                                    0x20002adc   Data          16  ctrl.o(.bss)
    reference_v                              0x20002aec   Data          12  imu.o(.bss)
    ref                                      0x20002af8   Data          60  imu.o(.bss)
    mag_sim_3d                               0x20002b34   Data          12  imu.o(.bss)
    acc_3d_hg                                0x20002b40   Data          12  imu.o(.bss)
    acc_ng                                   0x20002b4c   Data          12  imu.o(.bss)
    acc_ng_offset                            0x20002b58   Data          12  imu.o(.bss)
    f                                        0x20002b70   Data          20  data_transfer.o(.bss)
    data_to_send                             0x20002b84   Data          50  data_transfer.o(.bss)
    RX_CH                                    0x20002bb6   Data          16  data_transfer.o(.bss)
    CH                                       0x20002bf8   Data          16  rc.o(.bss)
    CH_Old                                   0x20002c08   Data          32  rc.o(.bss)
    CH_filter                                0x20002c28   Data          32  rc.o(.bss)
    CH_filter_Old                            0x20002c48   Data          32  rc.o(.bss)
    CH_filter_D                              0x20002c68   Data          32  rc.o(.bss)
    CLR_CH_Error                             0x20002c88   Data          16  rc.o(.bss)
    USBD_EP0Buf                              0x20002ca8   Data          64  usb_config.o(.bss)
    USBD_HID_InReport                        0x20002ce8   Data          65  usb_config.o(.bss)
    USBD_HID_OutReport                       0x20002d29   Data          65  usb_config.o(.bss)
    stk_usb_msc_task                         0x20002d70   Data         600  usb_config.o(.bss)
    hid_datatemp                             0x20002fc8   Data         256  usbd_user_hid.o(.bss)
    hid_data2send                            0x200030c8   Data          64  usbd_user_hid.o(.bss)
    string_auth                              0x20003108   Data          29  version.o(.bss)
    string_auth_descriptor                   0x20003125   Data          52  version.o(.bss)
    hc_value                                 0x2000315c   Data          24  height_ctrl.o(.bss)
    h_acc_arg                                0x20003174   Data          28  height_ctrl.o(.bss)
    h_speed_arg                              0x20003190   Data          28  height_ctrl.o(.bss)
    h_height_arg                             0x200031ac   Data          28  height_ctrl.o(.bss)
    h_acc_val                                0x200031c8   Data          36  height_ctrl.o(.bss)
    h_speed_val                              0x200031ec   Data          36  height_ctrl.o(.bss)
    h_height_val                             0x20003210   Data          36  height_ctrl.o(.bss)
    mode_value                               0x20003234   Data          10  fly_mode.o(.bss)
    sonar_av_arr                             0x20003240   Data         200  anotc_baro_ctrl.o(.bss)
    sonar                                    0x20003308   Data          24  anotc_baro_ctrl.o(.bss)
    sonar_fusion                             0x20003320   Data          68  anotc_baro_ctrl.o(.bss)
    baro_av_arr                              0x20003364   Data         400  anotc_baro_ctrl.o(.bss)
    baro_p                                   0x200034f4   Data          24  anotc_baro_ctrl.o(.bss)
    baro_fusion                              0x2000350c   Data          68  anotc_baro_ctrl.o(.bss)
    Cycle_T                                  0x20003550   Data          60  time.o(.bss)
    Rc_Pwm_In                                0x2000358c   Data          16  pwm_in.o(.bss)
    mpu6050                                  0x2000359c   Data         128  mpu6050.o(.bss)
    mpu6050_buffer                           0x2000361c   Data          14  mpu6050.o(.bss)
    sum_temp                                 0x2000362c   Data          28  mpu6050.o(.bss)
    FILT_BUF                                 0x20003648   Data         154  mpu6050.o(.bss)
    mpu6050_tmp                              0x200036e4   Data          28  mpu6050.o(.bss)
    mpu_fil_tmp                              0x20003700   Data          28  mpu6050.o(.bss)
    ms5611_prom                              0x20003728   Data          16  ms5611.o(.bss)
    baro                                     0x20003738   Data          20  ms5611.o(.bss)
    mo_av_baro                               0x2000374c   Data          20  ms5611.o(.bss)
    TxBuffer                                 0x20003760   Data         256  usart.o(.bss)
    Rx_Buf                                   0x20003860   Data         256  usart.o(.bss)
    Tx5Buffer                                0x20003960   Data         256  usart.o(.bss)
    HID_IntInPacketData                      0x20003a60   Data          64  usbd_stm32f4xx_fs.o(.bss)
    IsoOutPacketDataPtr                      0x20003aa0   Data          16  usbd_stm32f4xx_fs.o(.bss)
    InPacketDataCnt                          0x20003ab0   Data          16  usbd_stm32f4xx_fs.o(.bss)
    IsoOutPacketDataCnt                      0x20003ac0   Data          16  usbd_stm32f4xx_fs.o(.bss)
    ultra                                    0x20003adc   Data          20  ultrasonic.o(.bss)
    __initial_sp                             0x200042f0   Data           0  startup_stm32f4xx.o(STACK)



==============================================================================

Memory Map of the image

  Image Entry point : 0x08000189

  Load Region LR_IROM1 (Base: 0x08000000, Size: 0x00016bd8, Max: 0x00100000, ABSOLUTE, COMPRESSED[0x00016918])

    Execution Region ER_IROM1 (Base: 0x08000000, Size: 0x00016488, Max: 0x00100000, ABSOLUTE)

    Base Addr    Size         Type   Attr      Idx    E Section Name        Object

    0x08000000   0x00000188   Data   RO         1251    RESET               startup_stm32f4xx.o
    0x08000188   0x00000000   Code   RO         1390  * .ARM.Collect$$$$00000000  mc_w.l(entry.o)
    0x08000188   0x00000004   Code   RO         1451    .ARM.Collect$$$$00000001  mc_w.l(entry2.o)
    0x0800018c   0x00000004   Code   RO         1454    .ARM.Collect$$$$00000004  mc_w.l(entry5.o)
    0x08000190   0x00000000   Code   RO         1456    .ARM.Collect$$$$00000008  mc_w.l(entry7b.o)
    0x08000190   0x00000000   Code   RO         1458    .ARM.Collect$$$$0000000A  mc_w.l(entry8b.o)
    0x08000190   0x00000008   Code   RO         1459    .ARM.Collect$$$$0000000B  mc_w.l(entry9a.o)
    0x08000198   0x00000000   Code   RO         1461    .ARM.Collect$$$$0000000D  mc_w.l(entry10a.o)
    0x08000198   0x00000000   Code   RO         1463    .ARM.Collect$$$$0000000F  mc_w.l(entry11a.o)
    0x08000198   0x00000004   Code   RO         1452    .ARM.Collect$$$$00002712  mc_w.l(entry2.o)
    0x0800019c   0x00000018   Code   RO            2    .text               main.o
    0x080001b4   0x00000048   Code   RO          131    .text               stm32f4xx_it.o
    0x080001fc   0x00000264   Code   RO          151    .text               scheduler.o
    0x08000460   0x00000098   Code   RO          224    .text               init.o
    0x080004f8   0x000005c4   Code   RO          240    .text               parameter.o
    0x08000abc   0x00001128   Code   RO          292    .text               ctrl.o
    0x08001be4   0x00000a38   Code   RO          315    .text               imu.o
    0x0800261c   0x00000720   Code   RO          345    .text               mymath.o
    0x08002d3c   0x00001c78   Code   RO          364    .text               data_transfer.o
    0x080049b4   0x0000070c   Code   RO          409    .text               rc.o
    0x080050c0   0x00000052   Code   RO          436    .text               usb_config.o
    0x08005112   0x00000002   PAD
    0x08005114   0x0000024c   Code   RO          511    .text               usbd_user_hid.o
    0x08005360   0x00000020   Code   RO          537    .text               version.o
    0x08005380   0x00000404   Code   RO          560    .text               filter.o
    0x08005784   0x00000bbc   Code   RO          577    .text               height_ctrl.o
    0x08006340   0x00000068   Code   RO          610    .text               fly_mode.o
    0x080063a8   0x00000698   Code   RO          633    .text               anotc_baro_ctrl.o
    0x08006a40   0x000001a0   Code   RO          656    .text               pid.o
    0x08006be0   0x00000280   Code   RO          672    .text               time.o
    0x08006e60   0x000006c4   Code   RO          707    .text               pwm_in.o
    0x08007524   0x00000380   Code   RO          734    .text               pwm_out.o
    0x080078a4   0x000003a8   Code   RO          759    .text               i2c_soft.o
    0x08007c4c   0x000009b8   Code   RO          785    .text               mpu6050.o
    0x08008604   0x00000464   Code   RO          813    .text               ak8975.o
    0x08008a68   0x00000a58   Code   RO          836    .text               led.o
    0x080094c0   0x000003d0   Code   RO          866    .text               ms5611.o
    0x08009890   0x0000032c   Code   RO          896    .text               usart.o
    0x08009bbc   0x000012b8   Code   RO          927    .text               usbd_stm32f4xx_fs.o
    0x0800ae74   0x00000444   Code   RO          954    .text               drv_w25qxx.o
    0x0800b2b8   0x00000108   Code   RO          979    .text               ultrasonic.o
    0x0800b3c0   0x000001ec   Code   RO         1002    .text               misc.o
    0x0800b5ac   0x00000916   Code   RO         1098    .text               stm32f4xx_gpio.o
    0x0800bec2   0x00000002   PAD
    0x0800bec4   0x00000d7c   Code   RO         1146    .text               stm32f4xx_rcc.o
    0x0800cc40   0x00000bc8   Code   RO         1164    .text               stm32f4xx_spi.o
    0x0800d808   0x00003294   Code   RO         1196    .text               stm32f4xx_tim.o
    0x08010a9c   0x00000eb4   Code   RO         1212    .text               stm32f4xx_usart.o
    0x08011950   0x00000210   Code   RO         1228    .text               system_stm32f4xx.o
    0x08011b60   0x00000024   Code   RO         1252    .text               startup_stm32f4xx.o
    0x08011b84   0x00000a48   Code   RO         1257    .text               usbd_core.o
    0x080125cc   0x000001b0   Code   RO         1301    .text               usbd_core_hid.o
    0x0801277c   0x00000604   Code   RO         1313    .text               usbd_hid.o
    0x08012d80   0x000000f0   Code   RO         1329    .text               diskio.o
    0x08012e70   0x0000278c   Code   RO         1355    .text               ff.o
    0x080155fc   0x00000024   Code   RO         1393    .text               mc_w.l(memcpya.o)
    0x08015620   0x00000024   Code   RO         1395    .text               mc_w.l(memseta.o)
    0x08015644   0x0000000e   Code   RO         1397    .text               mc_w.l(strlen.o)
    0x08015652   0x0000014e   Code   RO         1401    .text               mf_w.l(dadd.o)
    0x080157a0   0x000000e4   Code   RO         1403    .text               mf_w.l(dmul.o)
    0x08015884   0x00000022   Code   RO         1405    .text               mf_w.l(dflti.o)
    0x080158a6   0x00000026   Code   RO         1407    .text               mf_w.l(f2d.o)
    0x080158cc   0x00000030   Code   RO         1409    .text               mf_w.l(cdcmple.o)
    0x080158fc   0x00000030   Code   RO         1411    .text               mf_w.l(cdrcmple.o)
    0x0801592c   0x00000038   Code   RO         1413    .text               mf_w.l(d2f.o)
    0x08015964   0x0000001e   Code   RO         1465    .text               mc_w.l(llshl.o)
    0x08015982   0x00000024   Code   RO         1467    .text               mc_w.l(llsshr.o)
    0x080159a6   0x00000000   Code   RO         1476    .text               mc_w.l(iusefp.o)
    0x080159a6   0x0000006e   Code   RO         1477    .text               mf_w.l(fepilogue.o)
    0x08015a14   0x000000ba   Code   RO         1479    .text               mf_w.l(depilogue.o)
    0x08015ace   0x000000de   Code   RO         1481    .text               mf_w.l(ddiv.o)
    0x08015bac   0x00000024   Code   RO         1485    .text               mc_w.l(init.o)
    0x08015bd0   0x00000020   Code   RO         1487    .text               mc_w.l(llushr.o)
    0x08015bf0   0x000000a2   Code   RO         1489    .text               mf_w.l(dsqrt.o)
    0x08015c92   0x00000056   Code   RO         1499    .text               mc_w.l(__dczerorl2.o)
    0x08015ce8   0x00000030   Code   RO         1435    i.__ARM_fpclassify  m_wm.l(fpclassify.o)
    0x08015d18   0x00000360   Code   RO         1376    i.__hardfp_asin     m_wm.l(asin.o)
    0x08016078   0x000000f8   Code   RO         1437    i.__kernel_poly     m_wm.l(poly.o)
    0x08016170   0x00000014   Code   RO         1416    i.__mathlib_dbl_infnan  m_wm.l(dunder.o)
    0x08016184   0x00000004   PAD
    0x08016188   0x00000020   Code   RO         1418    i.__mathlib_dbl_invalid  m_wm.l(dunder.o)
    0x080161a8   0x00000020   Code   RO         1421    i.__mathlib_dbl_underflow  m_wm.l(dunder.o)
    0x080161c8   0x0000000e   Code   RO         1493    i.__scatterload_copy  mc_w.l(handlers.o)
    0x080161d6   0x00000002   Code   RO         1494    i.__scatterload_null  mc_w.l(handlers.o)
    0x080161d8   0x0000000e   Code   RO         1495    i.__scatterload_zeroinit  mc_w.l(handlers.o)
    0x080161e6   0x00000002   PAD
    0x080161e8   0x0000000c   Code   RO         1471    i.__set_errno       mc_w.l(errno.o)
    0x080161f4   0x00000018   Code   RO         1431    i.fabs              m_wm.l(fabs.o)
    0x0801620c   0x0000006e   Code   RO         1441    i.sqrt              m_wm.l(sqrt.o)
    0x0801627a   0x00000002   PAD
    0x0801627c   0x00000170   Data   RO          438    .constdata          usb_config.o
    0x080163ec   0x0000002c   Data   RO         1356    .constdata          ff.o
    0x08016418   0x00000050   Data   RO         1379    .constdata          m_wm.l(asin.o)
    0x08016468   0x00000020   Data   RO         1491    Region$$Table       anon$$obj.o


    Execution Region RW_IRAM1 (Base: 0x20000000, Size: 0x000042f0, Max: 0x00020000, ABSOLUTE, COMPRESSED[0x00000490])

    Base Addr    Size         Type   Attr      Idx    E Section Name        Object

    0x20000000   0x00000001   Data   RW            3    .data               main.o
    0x20000001   0x00000001   PAD
    0x20000002   0x00000002   Data   RW          153    .data               scheduler.o
    0x20000004   0x00000001   Data   RW          242    .data               parameter.o
    0x20000005   0x00000003   PAD
    0x20000008   0x0000001c   Data   RW          294    .data               ctrl.o
    0x20000024   0x0000003c   Data   RW          317    .data               imu.o
    0x20000060   0x00000404   Data   RW          346    .data               mymath.o
    0x20000464   0x00000011   Data   RW          366    .data               data_transfer.o
    0x20000475   0x00000003   PAD
    0x20000478   0x00000048   Data   RW          411    .data               rc.o
    0x200004c0   0x00000009   Data   RW          439    .data               usb_config.o
    0x200004c9   0x00000004   Data   RW          513    .data               usbd_user_hid.o
    0x200004cd   0x00000003   PAD
    0x200004d0   0x0000000c   Data   RW          561    .data               filter.o
    0x200004dc   0x00000058   Data   RW          579    .data               height_ctrl.o
    0x20000534   0x00000002   Data   RW          612    .data               fly_mode.o
    0x20000536   0x00000002   PAD
    0x20000538   0x00000054   Data   RW          635    .data               anotc_baro_ctrl.o
    0x2000058c   0x00000014   Data   RW          674    .data               time.o
    0x200005a0   0x00000020   Data   RW          709    .data               pwm_in.o
    0x200005c0   0x00000004   Data   RW          735    .data               pwm_out.o
    0x200005c4   0x00000001   Data   RW          760    .data               i2c_soft.o
    0x200005c5   0x00000003   PAD
    0x200005c8   0x0000001c   Data   RW          787    .data               mpu6050.o
    0x200005e4   0x0000004a   Data   RW          815    .data               ak8975.o
    0x2000062e   0x00000002   PAD
    0x20000630   0x00000035   Data   RW          837    .data               led.o
    0x20000665   0x00000003   PAD
    0x20000668   0x00000026   Data   RW          868    .data               ms5611.o
    0x2000068e   0x00000004   Data   RW          898    .data               usart.o
    0x20000692   0x00000002   PAD
    0x20000694   0x00000030   Data   RW          929    .data               usbd_stm32f4xx_fs.o
    0x200006c4   0x00000005   Data   RW          981    .data               ultrasonic.o
    0x200006c9   0x00000010   Data   RW         1147    .data               stm32f4xx_rcc.o
    0x200006d9   0x00000003   PAD
    0x200006dc   0x00000014   Data   RW         1229    .data               system_stm32f4xx.o
    0x200006f0   0x00000024   Data   RW         1258    .data               usbd_core.o
    0x20000714   0x00000027   Data   RW         1314    .data               usbd_hid.o
    0x2000073b   0x00000001   PAD
    0x2000073c   0x00000004   Data   RW         1330    .data               diskio.o
    0x20000740   0x0000000a   Data   RW         1357    .data               ff.o
    0x2000074a   0x00000002   PAD
    0x2000074c   0x00000004   Data   RW         1472    .data               mc_w.l(errno.o)
    0x20000750   0x00000024   Zero   RW          152    .bss                scheduler.o
    0x20000774   0x00002174   Zero   RW          241    .bss                parameter.o
    0x200028e8   0x00000204   Zero   RW          293    .bss                ctrl.o
    0x20002aec   0x00000084   Zero   RW          316    .bss                imu.o
    0x20002b70   0x00000088   Zero   RW          365    .bss                data_transfer.o
    0x20002bf8   0x000000b0   Zero   RW          410    .bss                rc.o
    0x20002ca8   0x00000320   Zero   RW          437    .bss                usb_config.o
    0x20002fc8   0x00000140   Zero   RW          512    .bss                usbd_user_hid.o
    0x20003108   0x00000051   Zero   RW          538    .bss                version.o
    0x20003159   0x00000003   PAD
    0x2000315c   0x000000d8   Zero   RW          578    .bss                height_ctrl.o
    0x20003234   0x0000000a   Zero   RW          611    .bss                fly_mode.o
    0x2000323e   0x00000002   PAD
    0x20003240   0x00000310   Zero   RW          634    .bss                anotc_baro_ctrl.o
    0x20003550   0x0000003c   Zero   RW          673    .bss                time.o
    0x2000358c   0x00000010   Zero   RW          708    .bss                pwm_in.o
    0x2000359c   0x00000180   Zero   RW          786    .bss                mpu6050.o
    0x2000371c   0x0000000c   Zero   RW          814    .bss                ak8975.o
    0x20003728   0x00000038   Zero   RW          867    .bss                ms5611.o
    0x20003760   0x00000300   Zero   RW          897    .bss                usart.o
    0x20003a60   0x00000070   Zero   RW          928    .bss                usbd_stm32f4xx_fs.o
    0x20003ad0   0x0000000c   Zero   RW          955    .bss                drv_w25qxx.o
    0x20003adc   0x00000014   Zero   RW          980    .bss                ultrasonic.o
    0x20003af0   0x00000800   Zero   RW         1249    STACK               startup_stm32f4xx.o


==============================================================================

Image component sizes


      Code (inc. data)   RO Data    RW Data    ZI Data      Debug   Object Name

      1124         36          0         74         12       3052   ak8975.o
      1688        176          0         84        784       4674   anotc_baro_ctrl.o
      4392        272          0         28        516       4557   ctrl.o
      7288        266          0         17        136      11975   data_transfer.o
       240          6          0          4          0       4682   diskio.o
      1092         20          0          0         12       5765   drv_w25qxx.o
     10124        112         44         10          0      28826   ff.o
      1028         24          0         12          0       2710   filter.o
       104         16          0          2         10       1220   fly_mode.o
      3004        366          0         88        216       4960   height_ctrl.o
       936         10          0          1          0       4550   i2c_soft.o
      2616        158          0         60        132       3880   imu.o
       152         16          0          0          0        603   init.o
      2648        116          0         53          0       5432   led.o
        24          4          0          1          0     278271   main.o
       492         74          0          0          0       2173   misc.o
      2488        124          0         28        384      16747   mpu6050.o
       976         96          0         38         56       4205   ms5611.o
      1824        134          0       1028          0       5967   mymath.o
      1476        126          0          1       8564       7818   parameter.o
       416         10          0          0          0       1232   pid.o
      1732        110          0         32         16       2532   pwm_in.o
       896         38          0          4          0       2506   pwm_out.o
      1804        170          0         72        176       3475   rc.o
       612         48          0          2         36       3210   scheduler.o
        36          8        392          0       2048        912   startup_stm32f4xx.o
      2326        132          0          0          0       5549   stm32f4xx_gpio.o
        72          4          0          0          0       1676   stm32f4xx_it.o
      3452        262          0         16          0      13667   stm32f4xx_rcc.o
      3016        118          0          0          0       8677   stm32f4xx_spi.o
     12948        670          0          0          0      31340   stm32f4xx_tim.o
      3764        164          0          0          0      10228   stm32f4xx_usart.o
       528         46          0         20          0       2063   system_stm32f4xx.o
       640         38          0         20         60      22465   time.o
       264         24          0          5         20       1272   ultrasonic.o
       812         40          0          4        768       3796   usart.o
        82          0        368          9        800      27866   usb_config.o
      2632        202          0         36          0       8024   usbd_core.o
       432         68          0          0          0       1760   usbd_core_hid.o
      1540        184          0         39          0       6043   usbd_hid.o
      4792        220          0         48        112      27365   usbd_stm32f4xx_fs.o
       588         24          0          4        320       3162   usbd_user_hid.o
        32         10          0          0         81       1600   version.o

    ----------------------------------------------------------------------
     87136       4742        836       1868      15264     592487   Object Totals
         0          0         32          0          0          0   (incl. Generated)
         4          0          0         28          5          0   (incl. Padding)

    ----------------------------------------------------------------------

      Code (inc. data)   RO Data    RW Data    ZI Data      Debug   Library Member Name

       864         94         80          0          0        280   asin.o
        84         16          0          0          0        372   dunder.o
        24          0          0          0          0        124   fabs.o
        48          0          0          0          0        124   fpclassify.o
       248          0          0          0          0        152   poly.o
       110          0          0          0          0        148   sqrt.o
        86          0          0          0          0          0   __dczerorl2.o
         0          0          0          0          0          0   entry.o
         0          0          0          0          0          0   entry10a.o
         0          0          0          0          0          0   entry11a.o
         8          4          0          0          0          0   entry2.o
         4          0          0          0          0          0   entry5.o
         0          0          0          0          0          0   entry7b.o
         0          0          0          0          0          0   entry8b.o
         8          4          0          0          0          0   entry9a.o
        12          6          0          4          0         68   errno.o
        30          0          0          0          0          0   handlers.o
        36          8          0          0          0         68   init.o
         0          0          0          0          0          0   iusefp.o
        30          0          0          0          0         68   llshl.o
        36          0          0          0          0         68   llsshr.o
        32          0          0          0          0         68   llushr.o
        36          0          0          0          0         68   memcpya.o
        36          0          0          0          0        108   memseta.o
        14          0          0          0          0         68   strlen.o
        48          0          0          0          0         68   cdcmple.o
        48          0          0          0          0         68   cdrcmple.o
        56          0          0          0          0         88   d2f.o
       334          0          0          0          0        148   dadd.o
       222          0          0          0          0        100   ddiv.o
       186          0          0          0          0        176   depilogue.o
        34          0          0          0          0         76   dflti.o
       228          0          0          0          0         96   dmul.o
       162          0          0          0          0        100   dsqrt.o
        38          0          0          0          0         68   f2d.o
       110          0          0          0          0        168   fepilogue.o

    ----------------------------------------------------------------------
      3220        132         80          4          0       2940   Library Totals
         8          0          0          0          0          0   (incl. Padding)

    ----------------------------------------------------------------------

      Code (inc. data)   RO Data    RW Data    ZI Data      Debug   Library Name

      1378        110         80          0          0       1200   m_wm.l
       368         22          0          4          0        584   mc_w.l
      1466          0          0          0          0       1156   mf_w.l

    ----------------------------------------------------------------------
      3220        132         80          4          0       2940   Library Totals

    ----------------------------------------------------------------------

==============================================================================


      Code (inc. data)   RO Data    RW Data    ZI Data      Debug   

     90356       4874        916       1872      15264     586879   Grand Totals
     90356       4874        916       1168      15264     586879   ELF Image Totals (compressed)
     90356       4874        916       1168          0          0   ROM Totals

==============================================================================

    Total RO  Size (Code + RO Data)                91272 (  89.13kB)
    Total RW  Size (RW Data + ZI Data)             17136 (  16.73kB)
    Total ROM Size (Code + RO Data + RW Data)      92440 (  90.27kB)

==============================================================================

